lora_atcmd.c:154:6:lora_Init	0	static
lora_atcmd.c:180:5:get_lora_message	16	static
lora_atcmd.c:205:5:lora_message_analysis	176	static
lora_atcmd.c:385:5:mgmtCmd_analysis	0	static
lora_atcmd.c:425:5:get_console_message	16	static
lora_atcmd.c:475:5:send_lora_message	8	static
lora_atcmd.c:450:5:console_message_analysis	16	static
lora_atcmd.c:495:5:buildReport	24	static
lora_atcmd.c:516:5:buildBleDeviceReport	56	static
lora_atcmd.c:781:6:send_uplink_message	96	static
lora_atcmd.c:759:6:lora_OTB_CyUp_test	24	static
lora_atcmd.c:796:6:sendb_uplink_message	168	static
lora_atcmd.c:811:5:get_DevEUI	24	static
lora_atcmd.c:823:5:set_DevEUI	80	static
lora_atcmd.c:837:5:get_AppEUI	24	static
lora_atcmd.c:849:5:set_AppEUI	72	static
lora_atcmd.c:863:5:get_AppKEY	24	static
lora_atcmd.c:875:5:set_AppKEY	128	static
lora_atcmd.c:891:5:get_ConfirmMode	24	static
lora_atcmd.c:903:5:set_ConfirmMode	24	static
lora_atcmd.c:919:5:get_ClassType	24	static
lora_atcmd.c:933:5:set_ClassType	24	static
lora_atcmd.c:952:5:get_AutoDR	24	static
lora_atcmd.c:964:5:set_AutoDR	24	static
lora_atcmd.c:980:5:get_Version	24	static
lora_atcmd.c:992:5:get_LibVersion	24	static
lora_atcmd.c:1004:5:get_JoinStatus	24	static
lora_atcmd.c:1016:5:run_Reset	24	static
lora_atcmd.c:316:6:lora_command_process	128	static
lora_atcmd.c:545:6:lora_OTB_cmd_test	80	static
lora_atcmd.c:1025:5:char2hex	0	static
lora_atcmd.c:1030:5:str_to_hex	24	static
