Archive member included to satisfy reference by file (symbol)

c:/program files (x86)/atollic/truestudio for stm32 9.3.0/armtools/bin/../lib/gcc/arm-atollic-eabi/6.3.1/../../../../arm-atollic-eabi/lib/armv7e-m/fpu\libc_nano.a(lib_a-errno.o)
                              Src\syscalls.o (__errno)
c:/program files (x86)/atollic/truestudio for stm32 9.3.0/armtools/bin/../lib/gcc/arm-atollic-eabi/6.3.1/../../../../arm-atollic-eabi/lib/armv7e-m/fpu\libc_nano.a(lib_a-impure.o)
                              c:/program files (x86)/atollic/truestudio for stm32 9.3.0/armtools/bin/../lib/gcc/arm-atollic-eabi/6.3.1/../../../../arm-atollic-eabi/lib/armv7e-m/fpu\libc_nano.a(lib_a-errno.o) (_impure_ptr)
c:/program files (x86)/atollic/truestudio for stm32 9.3.0/armtools/bin/../lib/gcc/arm-atollic-eabi/6.3.1/../../../../arm-atollic-eabi/lib/armv7e-m/fpu\libc_nano.a(lib_a-init.o)
                              startup\startup_stm32f405xx.o (__libc_init_array)
c:/program files (x86)/atollic/truestudio for stm32 9.3.0/armtools/bin/../lib/gcc/arm-atollic-eabi/6.3.1/../../../../arm-atollic-eabi/lib/armv7e-m/fpu\libc_nano.a(lib_a-memcmp.o)
                              Src\LoRa\lora_atcmd.o (memcmp)
c:/program files (x86)/atollic/truestudio for stm32 9.3.0/armtools/bin/../lib/gcc/arm-atollic-eabi/6.3.1/../../../../arm-atollic-eabi/lib/armv7e-m/fpu\libc_nano.a(lib_a-memcpy-stub.o)
                              Src\LoRa\lora_atcmd.o (memcpy)
c:/program files (x86)/atollic/truestudio for stm32 9.3.0/armtools/bin/../lib/gcc/arm-atollic-eabi/6.3.1/../../../../arm-atollic-eabi/lib/armv7e-m/fpu\libc_nano.a(lib_a-memset.o)
                              Src\LoRa\lora_atcmd.o (memset)
c:/program files (x86)/atollic/truestudio for stm32 9.3.0/armtools/bin/../lib/gcc/arm-atollic-eabi/6.3.1/../../../../arm-atollic-eabi/lib/armv7e-m/fpu\libc_nano.a(lib_a-nano-vfprintf_float.o)
                              (_printf_float)
c:/program files (x86)/atollic/truestudio for stm32 9.3.0/armtools/bin/../lib/gcc/arm-atollic-eabi/6.3.1/../../../../arm-atollic-eabi/lib/armv7e-m/fpu\libc_nano.a(lib_a-nano-vfprintf_i.o)
                              c:/program files (x86)/atollic/truestudio for stm32 9.3.0/armtools/bin/../lib/gcc/arm-atollic-eabi/6.3.1/../../../../arm-atollic-eabi/lib/armv7e-m/fpu\libc_nano.a(lib_a-nano-vfprintf_float.o) (_printf_common)
c:/program files (x86)/atollic/truestudio for stm32 9.3.0/armtools/bin/../lib/gcc/arm-atollic-eabi/6.3.1/../../../../arm-atollic-eabi/lib/armv7e-m/fpu\libc_nano.a(lib_a-printf.o)
                              Src\LoRa\lora_atcmd.o (printf)
c:/program files (x86)/atollic/truestudio for stm32 9.3.0/armtools/bin/../lib/gcc/arm-atollic-eabi/6.3.1/../../../../arm-atollic-eabi/lib/armv7e-m/fpu\libc_nano.a(lib_a-puts.o)
                              Src\LoRa\lora_atcmd.o (puts)
c:/program files (x86)/atollic/truestudio for stm32 9.3.0/armtools/bin/../lib/gcc/arm-atollic-eabi/6.3.1/../../../../arm-atollic-eabi/lib/armv7e-m/fpu\libc_nano.a(lib_a-rand.o)
                              Src\LoRa\lora_atcmd.o (rand)
c:/program files (x86)/atollic/truestudio for stm32 9.3.0/armtools/bin/../lib/gcc/arm-atollic-eabi/6.3.1/../../../../arm-atollic-eabi/lib/armv7e-m/fpu\libc_nano.a(lib_a-sprintf.o)
                              Src\LoRa\lora_atcmd.o (sprintf)
c:/program files (x86)/atollic/truestudio for stm32 9.3.0/armtools/bin/../lib/gcc/arm-atollic-eabi/6.3.1/../../../../arm-atollic-eabi/lib/armv7e-m/fpu\libc_nano.a(lib_a-strcpy.o)
                              Src\LoRa\lora_atcmd.o (strcpy)
c:/program files (x86)/atollic/truestudio for stm32 9.3.0/armtools/bin/../lib/gcc/arm-atollic-eabi/6.3.1/../../../../arm-atollic-eabi/lib/armv7e-m/fpu\libc_nano.a(lib_a-strlen.o)
                              Src\LoRa\lora_atcmd.o (strlen)
c:/program files (x86)/atollic/truestudio for stm32 9.3.0/armtools/bin/../lib/gcc/arm-atollic-eabi/6.3.1/../../../../arm-atollic-eabi/lib/armv7e-m/fpu\libc_nano.a(lib_a-wbuf.o)
                              c:/program files (x86)/atollic/truestudio for stm32 9.3.0/armtools/bin/../lib/gcc/arm-atollic-eabi/6.3.1/../../../../arm-atollic-eabi/lib/armv7e-m/fpu\libc_nano.a(lib_a-puts.o) (__swbuf_r)
c:/program files (x86)/atollic/truestudio for stm32 9.3.0/armtools/bin/../lib/gcc/arm-atollic-eabi/6.3.1/../../../../arm-atollic-eabi/lib/armv7e-m/fpu\libc_nano.a(lib_a-wsetup.o)
                              c:/program files (x86)/atollic/truestudio for stm32 9.3.0/armtools/bin/../lib/gcc/arm-atollic-eabi/6.3.1/../../../../arm-atollic-eabi/lib/armv7e-m/fpu\libc_nano.a(lib_a-puts.o) (__swsetup_r)
c:/program files (x86)/atollic/truestudio for stm32 9.3.0/armtools/bin/../lib/gcc/arm-atollic-eabi/6.3.1/../../../../arm-atollic-eabi/lib/armv7e-m/fpu\libc_nano.a(lib_a-dtoa.o)
                              c:/program files (x86)/atollic/truestudio for stm32 9.3.0/armtools/bin/../lib/gcc/arm-atollic-eabi/6.3.1/../../../../arm-atollic-eabi/lib/armv7e-m/fpu\libc_nano.a(lib_a-nano-vfprintf_float.o) (_dtoa_r)
[...]
Memory Configuration

Name             Origin             Length             Attributes
RAM              0x20000000         0x00020000         xrw
CCMRAM           0x10000000         0x00010000         xrw
FLASH            0x08000000         0x00100000         xr
*default*        0x00000000         0xffffffff

Linker script and memory map

LOAD c:/program files (x86)/atollic/truestudio for stm32 9.3.0/armtools/bin/../lib/gcc/arm-atollic-eabi/6.3.1/armv7e-m/fpu/crti.o
LOAD c:/program files (x86)/atollic/truestudio for stm32 9.3.0/armtools/bin/../lib/gcc/arm-atollic-eabi/6.3.1/armv7e-m/fpu/crtbegin.o
LOAD Drivers\STM32F4xx_HAL_Driver\Src\stm32f4xx_hal.o
LOAD Drivers\STM32F4xx_HAL_Driver\Src\stm32f4xx_hal_cortex.o
LOAD Drivers\STM32F4xx_HAL_Driver\Src\stm32f4xx_hal_dma.o
LOAD Drivers\STM32F4xx_HAL_Driver\Src\stm32f4xx_hal_dma_ex.o
LOAD Drivers\STM32F4xx_HAL_Driver\Src\stm32f4xx_hal_exti.o
LOAD Drivers\STM32F4xx_HAL_Driver\Src\stm32f4xx_hal_flash.o
LOAD Drivers\STM32F4xx_HAL_Driver\Src\stm32f4xx_hal_flash_ex.o
LOAD Drivers\STM32F4xx_HAL_Driver\Src\stm32f4xx_hal_flash_ramfunc.o
LOAD Drivers\STM32F4xx_HAL_Driver\Src\stm32f4xx_hal_gpio.o
LOAD Drivers\STM32F4xx_HAL_Driver\Src\stm32f4xx_hal_pwr.o
LOAD Drivers\STM32F4xx_HAL_Driver\Src\stm32f4xx_hal_pwr_ex.o
LOAD Drivers\STM32F4xx_HAL_Driver\Src\stm32f4xx_hal_rcc.o
LOAD Drivers\STM32F4xx_HAL_Driver\Src\stm32f4xx_hal_rcc_ex.o
LOAD Drivers\STM32F4xx_HAL_Driver\Src\stm32f4xx_hal_tim.o
LOAD Drivers\STM32F4xx_HAL_Driver\Src\stm32f4xx_hal_tim_ex.o
LOAD Drivers\STM32F4xx_HAL_Driver\Src\stm32f4xx_hal_uart.o
LOAD Src\LoRa\lora_atcmd.o
LOAD Src\LoRa\tiny_vsnprintf.o
LOAD Src\UartRingbuffer.o
LOAD Src\appmain.o
LOAD Src\gpio.o
LOAD Src\main.o
LOAD Src\stm32f4xx_hal_msp.o
LOAD Src\stm32f4xx_it.o
LOAD Src\syscalls.o
LOAD Src\system_stm32f4xx.o
LOAD Src\timer.o
LOAD Src\usart.o
LOAD startup\startup_stm32f405xx.o
                0x00000080                malloc_getpagesize_P = 0x80
START GROUP
LOAD c:/program files (x86)/atollic/truestudio for stm32 9.3.0/armtools/bin/../lib/gcc/arm-atollic-eabi/6.3.1/../../../../arm-atollic-eabi/lib/armv7e-m/fpu\libc_nano.a
LOAD c:/program files (x86)/atollic/truestudio for stm32 9.3.0/armtools/bin/../lib/gcc/arm-atollic-eabi/6.3.1/../../../../arm-atollic-eabi/lib/armv7e-m/fpu\libm.a
END GROUP
START GROUP
LOAD c:/program files (x86)/atollic/truestudio for stm32 9.3.0/armtools/bin/../lib/gcc/arm-atollic-eabi/6.3.1/armv7e-m/fpu\libgcc.a
LOAD c:/program files (x86)/atollic/truestudio for stm32 9.3.0/armtools/bin/../lib/gcc/arm-atollic-eabi/6.3.1/../../../../arm-atollic-eabi/lib/armv7e-m/fpu\libc_nano.a
END GROUP
START GROUP
LOAD c:/program files (x86)/atollic/truestudio for stm32 9.3.0/armtools/bin/../lib/gcc/arm-atollic-eabi/6.3.1/armv7e-m/fpu\libgcc.a
LOAD c:/program files (x86)/atollic/truestudio for stm32 9.3.0/armtools/bin/../lib/gcc/arm-atollic-eabi/6.3.1/../../../../arm-atollic-eabi/lib/armv7e-m/fpu\libc_nano.a
LOAD c:/program files (x86)/atollic/truestudio for stm32 9.3.0/armtools/bin/../lib/gcc/arm-atollic-eabi/6.3.1/../../../../arm-atollic-eabi/lib/armv7e-m/fpu\libnosys.a
END GROUP
START GROUP
LOAD c:/program files (x86)/atollic/truestudio for stm32 9.3.0/armtools/bin/../lib/gcc/arm-atollic-eabi/6.3.1/armv7e-m/fpu\libgcc.a
LOAD c:/program files (x86)/atollic/truestudio for stm32 9.3.0/armtools/bin/../lib/gcc/arm-atollic-eabi/6.3.1/../../../../arm-atollic-eabi/lib/armv7e-m/fpu\libc_nano.a
LOAD c:/program files (x86)/atollic/truestudio for stm32 9.3.0/armtools/bin/../lib/gcc/arm-atollic-eabi/6.3.1/../../../../arm-atollic-eabi/lib/armv7e-m/fpu\libnosys.a
END GROUP
LOAD c:/program files (x86)/atollic/truestudio for stm32 9.3.0/armtools/bin/../lib/gcc/arm-atollic-eabi/6.3.1/armv7e-m/fpu/crtend.o
LOAD c:/program files (x86)/atollic/truestudio for stm32 9.3.0/armtools/bin/../lib/gcc/arm-atollic-eabi/6.3.1/armv7e-m/fpu/crtn.o
                0x20020000                _estack = 0x20020000
                0x00000200                _Min_Heap_Size = 0x200
                0x00000400                _Min_Stack_Size = 0x400

.isr_vector     0x08000000      0x188
                0x08000000                . = ALIGN (0x4)
 *(.isr_vector)
 .isr_vector    0x08000000      0x188 startup\startup_stm32f405xx.o
                0x08000000                g_pfnVectors
                0x08000188                . = ALIGN (0x4)

.text           0x08000190     0x5b48
                0x08000190                . = ALIGN (0x4)
 *(.text)
 .text          0x08000190       0x40 c:/program files (x86)/atollic/truestudio for stm32 9.3.0/armtools/bin/../lib/gcc/arm-atollic-eabi/6.3.1/armv7e-m/fpu/crtbegin.o
 .text          0x080001d0       0x10 c:/program files (x86)/atollic/truestudio for stm32 9.3.0/armtools/bin/../lib/gcc/arm-atollic-eabi/6.3.1/../../../../arm-atollic-eabi/lib/armv7e-m/fpu\libc_nano.a(lib_a-strlen.o)
                0x080001d0                strlen
 .text          0x080001e0       0xa0 c:/program files (x86)/atollic/truestudio for stm32 9.3.0/armtools/bin/../lib/gcc/arm-atollic-eabi/6.3.1/../../../../arm-atollic-eabi/lib/armv7e-m/fpu\libc_nano.a(lib_a-memchr.o)
                0x080001e0                memchr
 .text          0x08000280      0x370 c:/program files (x86)/atollic/truestudio for stm32 9.3.0/armtools/bin/../lib/gcc/arm-atollic-eabi/6.3.1/armv7e-m/fpu\libgcc.a(_arm_addsubdf3.o)
                0x08000280                __aeabi_drsub
                0x08000288                __aeabi_dsub
                0x08000288                __subdf3
                0x0800028c                __aeabi_dadd
                0x0800028c                __adddf3
                0x08000504                __floatunsidf
                0x08000504                __aeabi_ui2d
                0x08000524                __floatsidf
                0x08000524                __aeabi_i2d
                0x08000548                __aeabi_f2d
                0x08000548                __extendsfdf2
                0x08000584                __floatundidf
                0x08000584                __aeabi_ul2d
                0x08000594                __floatdidf
                0x08000594                __aeabi_l2d
 .text          0x080005f0      0x424 c:/program files (x86)/atollic/truestudio for stm32 9.3.0/armtools/bin/../lib/gcc/arm-atollic-eabi/6.3.1/armv7e-m/fpu\libgcc.a(_arm_muldivdf3.o)
                0x080005f0                __aeabi_dmul
                0x080005f0                __muldf3
                0x08000844                __divdf3
                0x08000844                __aeabi_ddiv
 .text          0x08000a14      0x110 c:/program files (x86)/atollic/truestudio for stm32 9.3.0/armtools/bin/../lib/gcc/arm-atollic-eabi/6.3.1/armv7e-m/fpu\libgcc.a(_arm_cmpdf2.o)
                0x08000a14                __gtdf2
                0x08000a14                __gedf2
                0x08000a1c                __ltdf2
                0x08000a1c                __ledf2
                0x08000a24                __nedf2
                0x08000a24                __eqdf2
                0x08000a24                __cmpdf2
                0x08000aa0                __aeabi_cdrcmple
                0x08000ab0                __aeabi_cdcmpeq
                0x08000ab0                __aeabi_cdcmple
                0x08000ac0                __aeabi_dcmpeq
                0x08000ad4                __aeabi_dcmplt
                0x08000ae8                __aeabi_dcmple
                0x08000afc                __aeabi_dcmpge
                0x08000b10                __aeabi_dcmpgt
 .text          0x08000b24       0x2c c:/program files (x86)/atollic/truestudio for stm32 9.3.0/armtools/bin/../lib/gcc/arm-atollic-eabi/6.3.1/armv7e-m/fpu\libgcc.a(_arm_unorddf2.o)
                0x08000b24                __unorddf2
                0x08000b24                __aeabi_dcmpun
 .text          0x08000b50       0x50 c:/program files (x86)/atollic/truestudio for stm32 9.3.0/armtools/bin/../lib/gcc/arm-atollic-eabi/6.3.1/armv7e-m/fpu\libgcc.a(_arm_fixdfsi.o)
                0x08000b50                __aeabi_d2iz
                0x08000b50                __fixdfsi
 .text          0x08000ba0       0x30 c:/program files (x86)/atollic/truestudio for stm32 9.3.0/armtools/bin/../lib/gcc/arm-atollic-eabi/6.3.1/armv7e-m/fpu\libgcc.a(_aeabi_uldivmod.o)
                0x08000ba0                __aeabi_uldivmod
 .text          0x08000bd0      0x2dc c:/program files (x86)/atollic/truestudio for stm32 9.3.0/armtools/bin/../lib/gcc/arm-atollic-eabi/6.3.1/armv7e-m/fpu\libgcc.a(_udivmoddi4.o)
                0x08000bd0                __udivmoddi4
 .text          0x08000eac        0x4 c:/program files (x86)/atollic/truestudio for stm32 9.3.0/armtools/bin/../lib/gcc/arm-atollic-eabi/6.3.1/armv7e-m/fpu\libgcc.a(_dvmd_tls.o)
                0x08000eac                __aeabi_idiv0
                0x08000eac                __aeabi_ldiv0
 *(.text*)
 .text.HAL_InitTick
                0x08000eb0       0x48 Drivers\STM32F4xx_HAL_Driver\Src\stm32f4xx_hal.o
                0x08000eb0                HAL_InitTick
 .text.HAL_Init
                0x08000ef8       0x34 Drivers\STM32F4xx_HAL_Driver\Src\stm32f4xx_hal.o
                0x08000ef8                HAL_Init
 .text.HAL_IncTick
                0x08000f2c       0x18 Drivers\STM32F4xx_HAL_Driver\Src\stm32f4xx_hal.o
                0x08000f2c                HAL_IncTick
 .text.HAL_GetTick
                0x08000f44        0xc Drivers\STM32F4xx_HAL_Driver\Src\stm32f4xx_hal.o
                0x08000f44                HAL_GetTick
 .text.HAL_Delay
                0x08000f50       0x28 Drivers\STM32F4xx_HAL_Driver\Src\stm32f4xx_hal.o
                0x08000f50                HAL_Delay
 .text.HAL_NVIC_SetPriorityGrouping
                0x08000f78       0x24 Drivers\STM32F4xx_HAL_Driver\Src\stm32f4xx_hal_cortex.o
                0x08000f78                HAL_NVIC_SetPriorityGrouping
 .text.HAL_NVIC_SetPriority
                0x08000f9c       0x68 Drivers\STM32F4xx_HAL_Driver\Src\stm32f4xx_hal_cortex.o
                0x08000f9c                HAL_NVIC_SetPriority
 .text.HAL_NVIC_EnableIRQ
                0x08001004       0x1c Drivers\STM32F4xx_HAL_Driver\Src\stm32f4xx_hal_cortex.o
                0x08001004                HAL_NVIC_EnableIRQ
 .text.HAL_SYSTICK_Config
                0x08001020       0x2c Drivers\STM32F4xx_HAL_Driver\Src\stm32f4xx_hal_cortex.o
                0x08001020                HAL_SYSTICK_Config
 .text.HAL_SYSTICK_IRQHandler
                0x0800104c        0x8 Drivers\STM32F4xx_HAL_Driver\Src\stm32f4xx_hal_cortex.o
                0x0800104c                HAL_SYSTICK_IRQHandler
 .text.HAL_GPIO_Init
                0x08001054      0x1c0 Drivers\STM32F4xx_HAL_Driver\Src\stm32f4xx_hal_gpio.o
                0x08001054                HAL_GPIO_Init
 .text.HAL_GPIO_WritePin
                0x08001214        0xa Drivers\STM32F4xx_HAL_Driver\Src\stm32f4xx_hal_gpio.o
                0x08001214                HAL_GPIO_WritePin
 *fill*         0x0800121e        0x2 
 .text.HAL_RCC_OscConfig
                0x08001220      0x34c Drivers\STM32F4xx_HAL_Driver\Src\stm32f4xx_hal_rcc.o
                0x08001220                HAL_RCC_OscConfig
 .text.HAL_RCC_GetSysClockFreq
                0x0800156c       0x5c Drivers\STM32F4xx_HAL_Driver\Src\stm32f4xx_hal_rcc.o
                0x0800156c                HAL_RCC_GetSysClockFreq
 .text.HAL_RCC_ClockConfig
                0x080015c8      0x138 Drivers\STM32F4xx_HAL_Driver\Src\stm32f4xx_hal_rcc.o
                0x080015c8                HAL_RCC_ClockConfig
 .text.HAL_RCC_GetPCLK1Freq
                0x08001700       0x20 Drivers\STM32F4xx_HAL_Driver\Src\stm32f4xx_hal_rcc.o
                0x08001700                HAL_RCC_GetPCLK1Freq
 .text.HAL_RCC_GetPCLK2Freq
                0x08001720       0x20 Drivers\STM32F4xx_HAL_Driver\Src\stm32f4xx_hal_rcc.o
                0x08001720                HAL_RCC_GetPCLK2Freq
 .text.UART_SetConfig
                0x08001740       0xdc Drivers\STM32F4xx_HAL_Driver\Src\stm32f4xx_hal_uart.o
 .text.UART_WaitOnFlagUntilTimeout.constprop.3
                0x0800181c       0x50 Drivers\STM32F4xx_HAL_Driver\Src\stm32f4xx_hal_uart.o
 .text.HAL_UART_Init
                0x0800186c       0x5c Drivers\STM32F4xx_HAL_Driver\Src\stm32f4xx_hal_uart.o
                0x0800186c                HAL_UART_Init
 .text.HAL_UART_Transmit
                0x080018c8       0xbe Drivers\STM32F4xx_HAL_Driver\Src\stm32f4xx_hal_uart.o
                0x080018c8                HAL_UART_Transmit
 *fill*         0x08001986        0x2 
 .text.lora_Init
                0x08001988       0x3c Src\LoRa\lora_atcmd.o
                0x08001988                lora_Init
 .text.get_lora_message
                0x080019c4       0x3a Src\LoRa\lora_atcmd.o
                0x080019c4                get_lora_message
 *fill*         0x080019fe        0x2 
 .text.lora_message_analysis
                0x08001a00      0x20c Src\LoRa\lora_atcmd.o
                0x08001a00                lora_message_analysis
 .text.mgmtCmd_analysis
                0x08001c0c       0x60 Src\LoRa\lora_atcmd.o
                0x08001c0c                mgmtCmd_analysis
 .text.get_console_message
                0x08001c6c       0x3a Src\LoRa\lora_atcmd.o
                0x08001c6c                get_console_message
 *fill*         0x08001ca6        0x2 
 .text.send_lora_message
                0x08001ca8       0x40 Src\LoRa\lora_atcmd.o
                0x08001ca8                send_lora_message
 .text.console_message_analysis
                0x08001ce8       0x38 Src\LoRa\lora_atcmd.o
                0x08001ce8                console_message_analysis
 .text.buildReport
                0x08001d20       0x28 Src\LoRa\lora_atcmd.o
                0x08001d20                buildReport
 .text.buildBleDeviceReport
                0x08001d48       0x70 Src\LoRa\lora_atcmd.o
                0x08001d48                buildBleDeviceReport
 .text.send_uplink_message
                0x08001db8       0x40 Src\LoRa\lora_atcmd.o
                0x08001db8                send_uplink_message
 .text.lora_OTB_CyUp_test
                0x08001df8       0x6c Src\LoRa\lora_atcmd.o
                0x08001df8                lora_OTB_CyUp_test
 .text.sendb_uplink_message
                0x08001e64       0x48 Src\LoRa\lora_atcmd.o
                0x08001e64                sendb_uplink_message
 .text.get_DevEUI
                0x08001eac       0x30 Src\LoRa\lora_atcmd.o
                0x08001eac                get_DevEUI
 .text.set_DevEUI
                0x08001edc       0x48 Src\LoRa\lora_atcmd.o
                0x08001edc                set_DevEUI
 .text.get_AppEUI
                0x08001f24       0x34 Src\LoRa\lora_atcmd.o
                0x08001f24                get_AppEUI
 .text.set_AppEUI
                0x08001f58       0x48 Src\LoRa\lora_atcmd.o
                0x08001f58                set_AppEUI
 .text.get_AppKEY
                0x08001fa0       0x34 Src\LoRa\lora_atcmd.o
                0x08001fa0                get_AppKEY
 .text.set_AppKEY
                0x08001fd4       0x68 Src\LoRa\lora_atcmd.o
                0x08001fd4                set_AppKEY
 .text.get_ConfirmMode
                0x0800203c       0x34 Src\LoRa\lora_atcmd.o
                0x0800203c                get_ConfirmMode
 .text.set_ConfirmMode
                0x08002070       0x48 Src\LoRa\lora_atcmd.o
                0x08002070                set_ConfirmMode
 .text.get_ClassType
                0x080020b8       0x34 Src\LoRa\lora_atcmd.o
                0x080020b8                get_ClassType
 .text.set_ClassType
                0x080020ec       0x64 Src\LoRa\lora_atcmd.o
                0x080020ec                set_ClassType
 .text.get_AutoDR
                0x08002150       0x34 Src\LoRa\lora_atcmd.o
                0x08002150                get_AutoDR
 .text.set_AutoDR
                0x08002184       0x48 Src\LoRa\lora_atcmd.o
                0x08002184                set_AutoDR
 .text.get_Version
                0x080021cc       0x34 Src\LoRa\lora_atcmd.o
                0x080021cc                get_Version
 .text.get_LibVersion
                0x08002200       0x34 Src\LoRa\lora_atcmd.o
                0x08002200                get_LibVersion
 .text.get_JoinStatus
                0x08002234       0x34 Src\LoRa\lora_atcmd.o
                0x08002234                get_JoinStatus
 .text.run_Reset
                0x08002268       0x28 Src\LoRa\lora_atcmd.o
                0x08002268                run_Reset
 .text.lora_command_process
                0x08002290      0x130 Src\LoRa\lora_atcmd.o
                0x08002290                lora_command_process
 .text.lora_OTB_cmd_test
                0x080023c0      0x3a4 Src\LoRa\lora_atcmd.o
                0x080023c0                lora_OTB_cmd_test
 .text.Ringbuf_init
                0x08002764       0xbc Src\UartRingbuffer.o
                0x08002764                Ringbuf_init
 .text.store_char
                0x08002820       0x1c Src\UartRingbuffer.o
                0x08002820                store_char
 .text.Uart_read
                0x0800283c       0x30 Src\UartRingbuffer.o
                0x0800283c                Uart_read
 .text.Uart_write
                0x0800286c       0x50 Src\UartRingbuffer.o
                0x0800286c                Uart_write
 .text.IsDataAvailable
                0x080028bc       0x18 Src\UartRingbuffer.o
                0x080028bc                IsDataAvailable
 .text.Uart_isr
                0x080028d4       0x6c Src\UartRingbuffer.o
                0x080028d4                Uart_isr
 .text.console_getc
                0x08002940        0x6 Src\UartRingbuffer.o
                0x08002940                console_getc
 .text.isgetc_from_console
                0x08002946       0x10 Src\UartRingbuffer.o
                0x08002946                isgetc_from_console
 .text.lora_getc
                0x08002956        0x6 Src\UartRingbuffer.o
                0x08002956                lora_getc
 .text.lora_puts
                0x0800295c       0x14 Src\UartRingbuffer.o
                0x0800295c                lora_puts
 .text.isgetc_from_lora
                0x08002970       0x10 Src\UartRingbuffer.o
                0x08002970                isgetc_from_lora
 .text.app_main
                0x08002980       0xec Src\appmain.o
                0x08002980                app_main
 .text.MX_GPIO_Init
                0x08002a6c       0x94 Src\gpio.o
                0x08002a6c                MX_GPIO_Init
 .text._write   0x08002b00       0x18 Src\main.o
                0x08002b00                _write
 .text.SystemClock_Config
                0x08002b18       0x94 Src\main.o
                0x08002b18                SystemClock_Config
 .text.startup.main
                0x08002bac      0x108 Src\main.o
                0x08002bac                main
 .text.Error_Handler
                0x08002cb4        0x2 Src\main.o
                0x08002cb4                Error_Handler
 *fill*         0x08002cb6        0x2 
 .text.HAL_MspInit
                0x08002cb8       0x38 Src\stm32f4xx_hal_msp.o
                0x08002cb8                HAL_MspInit
 .text.NMI_Handler
                0x08002cf0        0x2 Src\stm32f4xx_it.o
                0x08002cf0                NMI_Handler
 .text.HardFault_Handler
                0x08002cf2        0x2 Src\stm32f4xx_it.o
                0x08002cf2                HardFault_Handler
 .text.MemManage_Handler
                0x08002cf4        0x2 Src\stm32f4xx_it.o
                0x08002cf4                MemManage_Handler
 .text.BusFault_Handler
                0x08002cf6        0x2 Src\stm32f4xx_it.o
                0x08002cf6                BusFault_Handler
 .text.UsageFault_Handler
                0x08002cf8        0x2 Src\stm32f4xx_it.o
                0x08002cf8                UsageFault_Handler
 .text.SVC_Handler
                0x08002cfa        0x2 Src\stm32f4xx_it.o
                0x08002cfa                SVC_Handler
 .text.DebugMon_Handler
                0x08002cfc        0x2 Src\stm32f4xx_it.o
                0x08002cfc                DebugMon_Handler
 .text.PendSV_Handler
                0x08002cfe        0x2 Src\stm32f4xx_it.o
                0x08002cfe                PendSV_Handler
 .text.SysTick_Handler
                0x08002d00        0xe Src\stm32f4xx_it.o
                0x08002d00                SysTick_Handler
 *fill*         0x08002d0e        0x2 
 .text.USART1_IRQHandler
                0x08002d10       0x18 Src\stm32f4xx_it.o
                0x08002d10                USART1_IRQHandler
 .text.USART2_IRQHandler
                0x08002d28        0xc Src\stm32f4xx_it.o
                0x08002d28                USART2_IRQHandler
 .text.USART3_IRQHandler
                0x08002d34        0xc Src\stm32f4xx_it.o
                0x08002d34                USART3_IRQHandler
 .text.USART6_IRQHandler
                0x08002d40        0xc Src\stm32f4xx_it.o
                0x08002d40                USART6_IRQHandler
 .text._read    0x08002d4c       0x1c Src\syscalls.o
                0x08002d4c                _read
 .text._sbrk    0x08002d68       0x34 Src\syscalls.o
                0x08002d68                _sbrk
 .text._close   0x08002d9c        0x6 Src\syscalls.o
                0x08002d9c                _close
 .text._fstat   0x08002da2        0xa Src\syscalls.o
                0x08002da2                _fstat
 .text._isatty  0x08002dac        0x4 Src\syscalls.o
                0x08002dac                _isatty
 .text._lseek   0x08002db0        0x4 Src\syscalls.o
                0x08002db0                _lseek
 .text.SystemInit
                0x08002db4       0x1c Src\system_stm32f4xx.o
                0x08002db4                SystemInit
 .text.set_apptimer
                0x08002dd0       0x40 Src\timer.o
                0x08002dd0                set_apptimer
 .text.chk_apptimer
                0x08002e10       0x3c Src\timer.o
                0x08002e10                chk_apptimer
 .text.HAL_SYSTICK_Callback
                0x08002e4c       0x1c Src\timer.o
                0x08002e4c                HAL_SYSTICK_Callback
 .text.MX_USART1_UART_Init
                0x08002e68       0x38 Src\usart.o
                0x08002e68                MX_USART1_UART_Init
 .text.MX_USART2_UART_Init
                0x08002ea0       0x38 Src\usart.o
                0x08002ea0                MX_USART2_UART_Init
 .text.MX_USART3_UART_Init
                0x08002ed8       0x38 Src\usart.o
                0x08002ed8                MX_USART3_UART_Init
 .text.MX_USART6_UART_Init
                0x08002f10       0x38 Src\usart.o
                0x08002f10                MX_USART6_UART_Init
 .text.HAL_UART_MspInit
                0x08002f48      0x14c Src\usart.o
                0x08002f48                HAL_UART_MspInit
 .text.Reset_Handler
                0x08003094       0x50 startup\startup_stm32f405xx.o
                0x08003094                Reset_Handler
 .text.Default_Handler
                0x080030e4        0x2 startup\startup_stm32f405xx.o
                0x080030e4                RTC_Alarm_IRQHandler
                0x080030e4                HASH_RNG_IRQHandler
                0x080030e4                EXTI2_IRQHandler
                0x080030e4                TIM8_CC_IRQHandler
                0x080030e4                TIM1_CC_IRQHandler
                0x080030e4                DMA2_Stream5_IRQHandler
                0x080030e4                DMA1_Stream5_IRQHandler
                0x080030e4                PVD_IRQHandler
                0x080030e4                SDIO_IRQHandler
                0x080030e4                TAMP_STAMP_IRQHandler
                0x080030e4                CAN2_RX1_IRQHandler
                0x080030e4                EXTI3_IRQHandler
                0x080030e4                TIM8_TRG_COM_TIM14_IRQHandler
                0x080030e4                TIM1_UP_TIM10_IRQHandler
                0x080030e4                TIM8_UP_TIM13_IRQHandler
                0x080030e4                I2C3_ER_IRQHandler
                0x080030e4                EXTI0_IRQHandler
                0x080030e4                I2C2_EV_IRQHandler
                0x080030e4                DMA1_Stream2_IRQHandler
                0x080030e4                CAN1_RX0_IRQHandler
                0x080030e4                FPU_IRQHandler
                0x080030e4                OTG_HS_WKUP_IRQHandler
                0x080030e4                CAN2_SCE_IRQHandler
                0x080030e4                DMA2_Stream2_IRQHandler
                0x080030e4                SPI1_IRQHandler
                0x080030e4                TIM6_DAC_IRQHandler
                0x080030e4                TIM1_BRK_TIM9_IRQHandler
                0x080030e4                CAN2_RX0_IRQHandler
                0x080030e4                DMA2_Stream3_IRQHandler
                0x080030e4                CAN1_RX1_IRQHandler
                0x080030e4                UART5_IRQHandler
                0x080030e4                DMA2_Stream0_IRQHandler
                0x080030e4                TIM4_IRQHandler
                0x080030e4                I2C1_EV_IRQHandler
                0x080030e4                DMA1_Stream6_IRQHandler
                0x080030e4                DMA1_Stream1_IRQHandler
                0x080030e4                UART4_IRQHandler
                0x080030e4                TIM3_IRQHandler
                0x080030e4                RCC_IRQHandler
                0x080030e4                TIM8_BRK_TIM12_IRQHandler
                0x080030e4                Default_Handler
                0x080030e4                EXTI15_10_IRQHandler
                0x080030e4                ADC_IRQHandler
                0x080030e4                DMA1_Stream7_IRQHandler
                0x080030e4                TIM7_IRQHandler
                0x080030e4                CAN2_TX_IRQHandler
                0x080030e4                TIM5_IRQHandler
                0x080030e4                DMA2_Stream7_IRQHandler
                0x080030e4                I2C3_EV_IRQHandler
                0x080030e4                EXTI9_5_IRQHandler
                0x080030e4                RTC_WKUP_IRQHandler
                0x080030e4                SPI2_IRQHandler
                0x080030e4                OTG_HS_EP1_IN_IRQHandler
                0x080030e4                DMA1_Stream0_IRQHandler
                0x080030e4                CAN1_TX_IRQHandler
                0x080030e4                EXTI4_IRQHandler
                0x080030e4                FSMC_IRQHandler
                0x080030e4                OTG_HS_EP1_OUT_IRQHandler
                0x080030e4                WWDG_IRQHandler
                0x080030e4                TIM2_IRQHandler
                0x080030e4                OTG_FS_WKUP_IRQHandler
                0x080030e4                TIM1_TRG_COM_TIM11_IRQHandler
                0x080030e4                OTG_HS_IRQHandler
                0x080030e4                EXTI1_IRQHandler
                0x080030e4                I2C2_ER_IRQHandler
                0x080030e4                DMA2_Stream1_IRQHandler
                0x080030e4                CAN1_SCE_IRQHandler
                0x080030e4                FLASH_IRQHandler
                0x080030e4                DMA2_Stream4_IRQHandler
                0x080030e4                OTG_FS_IRQHandler
                0x080030e4                SPI3_IRQHandler
                0x080030e4                DMA1_Stream4_IRQHandler
                0x080030e4                I2C1_ER_IRQHandler
                0x080030e4                DMA2_Stream6_IRQHandler
                0x080030e4                DMA1_Stream3_IRQHandler
 *fill*         0x080030e6        0x2 
 .text.__errno  0x080030e8        0xc c:/program files (x86)/atollic/truestudio for stm32 9.3.0/armtools/bin/../lib/gcc/arm-atollic-eabi/6.3.1/../../../../arm-atollic-eabi/lib/armv7e-m/fpu\libc_nano.a(lib_a-errno.o)
                0x080030e8                __errno
 .text.__libc_init_array
                0x080030f4       0x48 c:/program files (x86)/atollic/truestudio for stm32 9.3.0/armtools/bin/../lib/gcc/arm-atollic-eabi/6.3.1/../../../../arm-atollic-eabi/lib/armv7e-m/fpu\libc_nano.a(lib_a-init.o)
                0x080030f4                __libc_init_array
 .text.memcmp   0x0800313c       0x1e c:/program files (x86)/atollic/truestudio for stm32 9.3.0/armtools/bin/../lib/gcc/arm-atollic-eabi/6.3.1/../../../../arm-atollic-eabi/lib/armv7e-m/fpu\libc_nano.a(lib_a-memcmp.o)
                0x0800313c                memcmp
 .text.memcpy   0x0800315a       0x16 c:/program files (x86)/atollic/truestudio for stm32 9.3.0/armtools/bin/../lib/gcc/arm-atollic-eabi/6.3.1/../../../../arm-atollic-eabi/lib/armv7e-m/fpu\libc_nano.a(lib_a-memcpy-stub.o)
                0x0800315a                memcpy
 .text.memset   0x08003170       0x10 c:/program files (x86)/atollic/truestudio for stm32 9.3.0/armtools/bin/../lib/gcc/arm-atollic-eabi/6.3.1/../../../../arm-atollic-eabi/lib/armv7e-m/fpu\libc_nano.a(lib_a-memset.o)
                0x08003170                memset
 .text.__cvt    0x08003180       0xc2 c:/program files (x86)/atollic/truestudio for stm32 9.3.0/armtools/bin/../lib/gcc/arm-atollic-eabi/6.3.1/../../../../arm-atollic-eabi/lib/armv7e-m/fpu\libc_nano.a(lib_a-nano-vfprintf_float.o)
                0x08003180                __cvt
 .text.__exponent
                0x08003242       0x6a c:/program files (x86)/atollic/truestudio for stm32 9.3.0/armtools/bin/../lib/gcc/arm-atollic-eabi/6.3.1/../../../../arm-atollic-eabi/lib/armv7e-m/fpu\libc_nano.a(lib_a-nano-vfprintf_float.o)
                0x08003242                __exponent
 .text._printf_float
                0x080032ac      0x480 c:/program files (x86)/atollic/truestudio for stm32 9.3.0/armtools/bin/../lib/gcc/arm-atollic-eabi/6.3.1/../../../../arm-atollic-eabi/lib/armv7e-m/fpu\libc_nano.a(lib_a-nano-vfprintf_float.o)
                0x080032ac                _printf_float
 .text._printf_common
                0x0800372c       0xec c:/program files (x86)/atollic/truestudio for stm32 9.3.0/armtools/bin/../lib/gcc/arm-atollic-eabi/6.3.1/../../../../arm-atollic-eabi/lib/armv7e-m/fpu\libc_nano.a(lib_a-nano-vfprintf_i.o)
                0x0800372c                _printf_common
 .text._printf_i
                0x08003818      0x240 c:/program files (x86)/atollic/truestudio for stm32 9.3.0/armtools/bin/../lib/gcc/arm-atollic-eabi/6.3.1/../../../../arm-atollic-eabi/lib/armv7e-m/fpu\libc_nano.a(lib_a-nano-vfprintf_i.o)
                0x08003818                _printf_i
 .text.printf   0x08003a58       0x30 c:/program files (x86)/atollic/truestudio for stm32 9.3.0/armtools/bin/../lib/gcc/arm-atollic-eabi/6.3.1/../../../../arm-atollic-eabi/lib/armv7e-m/fpu\libc_nano.a(lib_a-printf.o)
                0x08003a58                iprintf
                0x08003a58                printf
 .text._puts_r  0x08003a88       0xb8 c:/program files (x86)/atollic/truestudio for stm32 9.3.0/armtools/bin/../lib/gcc/arm-atollic-eabi/6.3.1/../../../../arm-atollic-eabi/lib/armv7e-m/fpu\libc_nano.a(lib_a-puts.o)
                0x08003a88                _puts_r
 .text.puts     0x08003b40       0x10 c:/program files (x86)/atollic/truestudio for stm32 9.3.0/armtools/bin/../lib/gcc/arm-atollic-eabi/6.3.1/../../../../arm-atollic-eabi/lib/armv7e-m/fpu\libc_nano.a(lib_a-puts.o)
                0x08003b40                puts
 .text.rand     0x08003b50       0x74 c:/program files (x86)/atollic/truestudio for stm32 9.3.0/armtools/bin/../lib/gcc/arm-atollic-eabi/6.3.1/../../../../arm-atollic-eabi/lib/armv7e-m/fpu\libc_nano.a(lib_a-rand.o)
                0x08003b50                rand
 .text.sprintf  0x08003bc4       0x48 c:/program files (x86)/atollic/truestudio for stm32 9.3.0/armtools/bin/../lib/gcc/arm-atollic-eabi/6.3.1/../../../../arm-atollic-eabi/lib/armv7e-m/fpu\libc_nano.a(lib_a-sprintf.o)
                0x08003bc4                siprintf
                0x08003bc4                sprintf
 .text.strcpy   0x08003c0c       0x10 c:/program files (x86)/atollic/truestudio for stm32 9.3.0/armtools/bin/../lib/gcc/arm-atollic-eabi/6.3.1/../../../../arm-atollic-eabi/lib/armv7e-m/fpu\libc_nano.a(lib_a-strcpy.o)
                0x08003c0c                strcpy
 .text.__swbuf_r
                0x08003c1c       0xa4 c:/program files (x86)/atollic/truestudio for stm32 9.3.0/armtools/bin/../lib/gcc/arm-atollic-eabi/6.3.1/../../../../arm-atollic-eabi/lib/armv7e-m/fpu\libc_nano.a(lib_a-wbuf.o)
                0x08003c1c                __swbuf_r
 .text.__swsetup_r
                0x08003cc0       0xdc c:/program files (x86)/atollic/truestudio for stm32 9.3.0/armtools/bin/../lib/gcc/arm-atollic-eabi/6.3.1/../../../../arm-atollic-eabi/lib/armv7e-m/fpu\libc_nano.a(lib_a-wsetup.o)
                0x08003cc0                __swsetup_r
 .text.quorem   0x08003d9c      0x118 c:/program files (x86)/atollic/truestudio for stm32 9.3.0/armtools/bin/../lib/gcc/arm-atollic-eabi/6.3.1/../../../../arm-atollic-eabi/lib/armv7e-m/fpu\libc_nano.a(lib_a-dtoa.o)
 *fill*         0x08003eb4        0x4 
 .text._dtoa_r  0x08003eb8      0xb9c c:/program files (x86)/atollic/truestudio for stm32 9.3.0/armtools/bin/../lib/gcc/arm-atollic-eabi/6.3.1/../../../../arm-atollic-eabi/lib/armv7e-m/fpu\libc_nano.a(lib_a-dtoa.o)
                0x08003eb8                _dtoa_r
 .text.__sflush_r
                0x08004a54      0x110 c:/program files (x86)/atollic/truestudio for stm32 9.3.0/armtools/bin/../lib/gcc/arm-atollic-eabi/6.3.1/../../../../arm-atollic-eabi/lib/armv7e-m/fpu\libc_nano.a(lib_a-fflush.o)
                0x08004a54                __sflush_r
 .text._fflush_r
                0x08004b64       0x54 c:/program files (x86)/atollic/truestudio for stm32 9.3.0/armtools/bin/../lib/gcc/arm-atollic-eabi/6.3.1/../../../../arm-atollic-eabi/lib/armv7e-m/fpu\libc_nano.a(lib_a-fflush.o)
                0x08004b64                _fflush_r
 .text._cleanup_r
                0x08004bb8        0xc c:/program files (x86)/atollic/truestudio for stm32 9.3.0/armtools/bin/../lib/gcc/arm-atollic-eabi/6.3.1/../../../../arm-atollic-eabi/lib/armv7e-m/fpu\libc_nano.a(lib_a-findfp.o)
                0x08004bb8                _cleanup_r
 .text.std.isra.0
                0x08004bc4       0x48 c:/program files (x86)/atollic/truestudio for stm32 9.3.0/armtools/bin/../lib/gcc/arm-atollic-eabi/6.3.1/../../../../arm-atollic-eabi/lib/armv7e-m/fpu\libc_nano.a(lib_a-findfp.o)
 .text.__sfmoreglue
                0x08004c0c       0x2c c:/program files (x86)/atollic/truestudio for stm32 9.3.0/armtools/bin/../lib/gcc/arm-atollic-eabi/6.3.1/../../../../arm-atollic-eabi/lib/armv7e-m/fpu\libc_nano.a(lib_a-findfp.o)
                0x08004c0c                __sfmoreglue
 .text.__sinit  0x08004c38       0x60 c:/program files (x86)/atollic/truestudio for stm32 9.3.0/armtools/bin/../lib/gcc/arm-atollic-eabi/6.3.1/../../../../arm-atollic-eabi/lib/armv7e-m/fpu\libc_nano.a(lib_a-findfp.o)
                0x08004c38                __sinit
 .text.__sfp    0x08004c98       0x78 c:/program files (x86)/atollic/truestudio for stm32 9.3.0/armtools/bin/../lib/gcc/arm-atollic-eabi/6.3.1/../../../../arm-atollic-eabi/lib/armv7e-m/fpu\libc_nano.a(lib_a-findfp.o)
                0x08004c98                __sfp
 .text._fwalk_reent
                0x08004d10       0x3c c:/program files (x86)/atollic/truestudio for stm32 9.3.0/armtools/bin/../lib/gcc/arm-atollic-eabi/6.3.1/../../../../arm-atollic-eabi/lib/armv7e-m/fpu\libc_nano.a(lib_a-fwalk.o)
                0x08004d10                _fwalk_reent
 .text._localeconv_r
                0x08004d4c       0x1c c:/program files (x86)/atollic/truestudio for stm32 9.3.0/armtools/bin/../lib/gcc/arm-atollic-eabi/6.3.1/../../../../arm-atollic-eabi/lib/armv7e-m/fpu\libc_nano.a(lib_a-localeconv.o)
                0x08004d4c                _localeconv_r
 .text.__swhatbuf_r
                0x08004d68       0x48 c:/program files (x86)/atollic/truestudio for stm32 9.3.0/armtools/bin/../lib/gcc/arm-atollic-eabi/6.3.1/../../../../arm-atollic-eabi/lib/armv7e-m/fpu\libc_nano.a(lib_a-makebuf.o)
                0x08004d68                __swhatbuf_r
 .text.__smakebuf_r
                0x08004db0       0x80 c:/program files (x86)/atollic/truestudio for stm32 9.3.0/armtools/bin/../lib/gcc/arm-atollic-eabi/6.3.1/../../../../arm-atollic-eabi/lib/armv7e-m/fpu\libc_nano.a(lib_a-makebuf.o)
                0x08004db0                __smakebuf_r
 .text.malloc   0x08004e30       0x10 c:/program files (x86)/atollic/truestudio for stm32 9.3.0/armtools/bin/../lib/gcc/arm-atollic-eabi/6.3.1/../../../../arm-atollic-eabi/lib/armv7e-m/fpu\libc_nano.a(lib_a-malloc.o)
                0x08004e30                malloc
 .text._Balloc  0x08004e40       0x68 c:/program files (x86)/atollic/truestudio for stm32 9.3.0/armtools/bin/../lib/gcc/arm-atollic-eabi/6.3.1/../../../../arm-atollic-eabi/lib/armv7e-m/fpu\libc_nano.a(lib_a-mprec.o)
                0x08004e40                _Balloc
 .text._Bfree   0x08004ea8       0x2e c:/program files (x86)/atollic/truestudio for stm32 9.3.0/armtools/bin/../lib/gcc/arm-atollic-eabi/6.3.1/../../../../arm-atollic-eabi/lib/armv7e-m/fpu\libc_nano.a(lib_a-mprec.o)
                0x08004ea8                _Bfree
 .text.__multadd
                0x08004ed6       0x76 c:/program files (x86)/atollic/truestudio for stm32 9.3.0/armtools/bin/../lib/gcc/arm-atollic-eabi/6.3.1/../../../../arm-atollic-eabi/lib/armv7e-m/fpu\libc_nano.a(lib_a-mprec.o)
                0x08004ed6                __multadd
 .text.__hi0bits
                0x08004f4c       0x3e c:/program files (x86)/atollic/truestudio for stm32 9.3.0/armtools/bin/../lib/gcc/arm-atollic-eabi/6.3.1/../../../../arm-atollic-eabi/lib/armv7e-m/fpu\libc_nano.a(lib_a-mprec.o)
                0x08004f4c                __hi0bits
 .text.__lo0bits
                0x08004f8a       0x5e c:/program files (x86)/atollic/truestudio for stm32 9.3.0/armtools/bin/../lib/gcc/arm-atollic-eabi/6.3.1/../../../../arm-atollic-eabi/lib/armv7e-m/fpu\libc_nano.a(lib_a-mprec.o)
                0x08004f8a                __lo0bits
 .text.__i2b    0x08004fe8       0x12 c:/program files (x86)/atollic/truestudio for stm32 9.3.0/armtools/bin/../lib/gcc/arm-atollic-eabi/6.3.1/../../../../arm-atollic-eabi/lib/armv7e-m/fpu\libc_nano.a(lib_a-mprec.o)
                0x08004fe8                __i2b
 .text.__multiply
                0x08004ffa      0x11a c:/program files (x86)/atollic/truestudio for stm32 9.3.0/armtools/bin/../lib/gcc/arm-atollic-eabi/6.3.1/../../../../arm-atollic-eabi/lib/armv7e-m/fpu\libc_nano.a(lib_a-mprec.o)
                0x08004ffa                __multiply
 .text.__pow5mult
                0x08005114       0x9c c:/program files (x86)/atollic/truestudio for stm32 9.3.0/armtools/bin/../lib/gcc/arm-atollic-eabi/6.3.1/../../../../arm-atollic-eabi/lib/armv7e-m/fpu\libc_nano.a(lib_a-mprec.o)
                0x08005114                __pow5mult
 .text.__lshift
                0x080051b0       0xa2 c:/program files (x86)/atollic/truestudio for stm32 9.3.0/armtools/bin/../lib/gcc/arm-atollic-eabi/6.3.1/../../../../arm-atollic-eabi/lib/armv7e-m/fpu\libc_nano.a(lib_a-mprec.o)
                0x080051b0                __lshift
 .text.__mcmp   0x08005252       0x34 c:/program files (x86)/atollic/truestudio for stm32 9.3.0/armtools/bin/../lib/gcc/arm-atollic-eabi/6.3.1/../../../../arm-atollic-eabi/lib/armv7e-m/fpu\libc_nano.a(lib_a-mprec.o)
                0x08005252                __mcmp
 .text.__mdiff  0x08005286       0xbc c:/program files (x86)/atollic/truestudio for stm32 9.3.0/armtools/bin/../lib/gcc/arm-atollic-eabi/6.3.1/../../../../arm-atollic-eabi/lib/armv7e-m/fpu\libc_nano.a(lib_a-mprec.o)
                0x08005286                __mdiff
 .text.__d2b    0x08005342       0x9e c:/program files (x86)/atollic/truestudio for stm32 9.3.0/armtools/bin/../lib/gcc/arm-atollic-eabi/6.3.1/../../../../arm-atollic-eabi/lib/armv7e-m/fpu\libc_nano.a(lib_a-mprec.o)
                0x08005342                __d2b
 .text._calloc_r
                0x080053e0       0x1c c:/program files (x86)/atollic/truestudio for stm32 9.3.0/armtools/bin/../lib/gcc/arm-atollic-eabi/6.3.1/../../../../arm-atollic-eabi/lib/armv7e-m/fpu\libc_nano.a(lib_a-nano-callocr.o)
                0x080053e0                _calloc_r
 .text._free_r  0x080053fc       0x9c c:/program files (x86)/atollic/truestudio for stm32 9.3.0/armtools/bin/../lib/gcc/arm-atollic-eabi/6.3.1/../../../../arm-atollic-eabi/lib/armv7e-m/fpu\libc_nano.a(lib_a-nano-freer.o)
                0x080053fc                _free_r
 .text._malloc_r
                0x08005498       0xbc c:/program files (x86)/atollic/truestudio for stm32 9.3.0/armtools/bin/../lib/gcc/arm-atollic-eabi/6.3.1/../../../../arm-atollic-eabi/lib/armv7e-m/fpu\libc_nano.a(lib_a-nano-mallocr.o)
                0x08005498                _malloc_r
 .text.__ssputs_r
                0x08005554       0xb6 c:/program files (x86)/atollic/truestudio for stm32 9.3.0/armtools/bin/../lib/gcc/arm-atollic-eabi/6.3.1/../../../../arm-atollic-eabi/lib/armv7e-m/fpu\libc_nano.a(lib_a-nano-svfprintf.o)
                0x08005554                __ssputs_r
 *fill*         0x0800560a        0x2 
 .text._svfprintf_r
                0x0800560c      0x1e8 c:/program files (x86)/atollic/truestudio for stm32 9.3.0/armtools/bin/../lib/gcc/arm-atollic-eabi/6.3.1/../../../../arm-atollic-eabi/lib/armv7e-m/fpu\libc_nano.a(lib_a-nano-svfprintf.o)
                0x0800560c                _svfiprintf_r
                0x0800560c                _svfprintf_r
 .text.__sfputc_r
                0x080057f4       0x30 c:/program files (x86)/atollic/truestudio for stm32 9.3.0/armtools/bin/../lib/gcc/arm-atollic-eabi/6.3.1/../../../../arm-atollic-eabi/lib/armv7e-m/fpu\libc_nano.a(lib_a-nano-vfprintf.o)
 .text.__sfputs_r
                0x08005824       0x24 c:/program files (x86)/atollic/truestudio for stm32 9.3.0/armtools/bin/../lib/gcc/arm-atollic-eabi/6.3.1/../../../../arm-atollic-eabi/lib/armv7e-m/fpu\libc_nano.a(lib_a-nano-vfprintf.o)
                0x08005824                __sfputs_r
 .text._vfprintf_r
                0x08005848      0x22c c:/program files (x86)/atollic/truestudio for stm32 9.3.0/armtools/bin/../lib/gcc/arm-atollic-eabi/6.3.1/../../../../arm-atollic-eabi/lib/armv7e-m/fpu\libc_nano.a(lib_a-nano-vfprintf.o)
                0x08005848                _vfprintf_r
                0x08005848                _vfiprintf_r
 .text._sbrk_r  0x08005a74       0x20 c:/program files (x86)/atollic/truestudio for stm32 9.3.0/armtools/bin/../lib/gcc/arm-atollic-eabi/6.3.1/../../../../arm-atollic-eabi/lib/armv7e-m/fpu\libc_nano.a(lib_a-sbrkr.o)
                0x08005a74                _sbrk_r
 .text.__sread  0x08005a94       0x22 c:/program files (x86)/atollic/truestudio for stm32 9.3.0/armtools/bin/../lib/gcc/arm-atollic-eabi/6.3.1/../../../../arm-atollic-eabi/lib/armv7e-m/fpu\libc_nano.a(lib_a-stdio.o)
                0x08005a94                __sread
 .text.__swrite
                0x08005ab6       0x38 c:/program files (x86)/atollic/truestudio for stm32 9.3.0/armtools/bin/../lib/gcc/arm-atollic-eabi/6.3.1/../../../../arm-atollic-eabi/lib/armv7e-m/fpu\libc_nano.a(lib_a-stdio.o)
                0x08005ab6                __swrite
 .text.__sseek  0x08005aee       0x24 c:/program files (x86)/atollic/truestudio for stm32 9.3.0/armtools/bin/../lib/gcc/arm-atollic-eabi/6.3.1/../../../../arm-atollic-eabi/lib/armv7e-m/fpu\libc_nano.a(lib_a-stdio.o)
                0x08005aee                __sseek
 .text.__sclose
                0x08005b12        0x8 c:/program files (x86)/atollic/truestudio for stm32 9.3.0/armtools/bin/../lib/gcc/arm-atollic-eabi/6.3.1/../../../../arm-atollic-eabi/lib/armv7e-m/fpu\libc_nano.a(lib_a-stdio.o)
                0x08005b12                __sclose
 *fill*         0x08005b1a        0x2 
 .text._write_r
                0x08005b1c       0x24 c:/program files (x86)/atollic/truestudio for stm32 9.3.0/armtools/bin/../lib/gcc/arm-atollic-eabi/6.3.1/../../../../arm-atollic-eabi/lib/armv7e-m/fpu\libc_nano.a(lib_a-writer.o)
                0x08005b1c                _write_r
 .text._close_r
                0x08005b40       0x20 c:/program files (x86)/atollic/truestudio for stm32 9.3.0/armtools/bin/../lib/gcc/arm-atollic-eabi/6.3.1/../../../../arm-atollic-eabi/lib/armv7e-m/fpu\libc_nano.a(lib_a-closer.o)
                0x08005b40                _close_r
 .text._fstat_r
                0x08005b60       0x24 c:/program files (x86)/atollic/truestudio for stm32 9.3.0/armtools/bin/../lib/gcc/arm-atollic-eabi/6.3.1/../../../../arm-atollic-eabi/lib/armv7e-m/fpu\libc_nano.a(lib_a-fstatr.o)
                0x08005b60                _fstat_r
 .text._isatty_r
                0x08005b84       0x20 c:/program files (x86)/atollic/truestudio for stm32 9.3.0/armtools/bin/../lib/gcc/arm-atollic-eabi/6.3.1/../../../../arm-atollic-eabi/lib/armv7e-m/fpu\libc_nano.a(lib_a-isattyr.o)
                0x08005b84                _isatty_r
 .text._lseek_r
                0x08005ba4       0x24 c:/program files (x86)/atollic/truestudio for stm32 9.3.0/armtools/bin/../lib/gcc/arm-atollic-eabi/6.3.1/../../../../arm-atollic-eabi/lib/armv7e-m/fpu\libc_nano.a(lib_a-lseekr.o)
                0x08005ba4                _lseek_r
 .text.__ascii_mbtowc
                0x08005bc8       0x24 c:/program files (x86)/atollic/truestudio for stm32 9.3.0/armtools/bin/../lib/gcc/arm-atollic-eabi/6.3.1/../../../../arm-atollic-eabi/lib/armv7e-m/fpu\libc_nano.a(lib_a-mbtowc_r.o)
                0x08005bc8                __ascii_mbtowc
 .text.memmove  0x08005bec       0x34 c:/program files (x86)/atollic/truestudio for stm32 9.3.0/armtools/bin/../lib/gcc/arm-atollic-eabi/6.3.1/../../../../arm-atollic-eabi/lib/armv7e-m/fpu\libc_nano.a(lib_a-memmove.o)
                0x08005bec                memmove
 .text.__malloc_lock
                0x08005c20        0x2 c:/program files (x86)/atollic/truestudio for stm32 9.3.0/armtools/bin/../lib/gcc/arm-atollic-eabi/6.3.1/../../../../arm-atollic-eabi/lib/armv7e-m/fpu\libc_nano.a(lib_a-mlock.o)
                0x08005c20                __malloc_lock
 .text.__malloc_unlock
                0x08005c22        0x2 c:/program files (x86)/atollic/truestudio for stm32 9.3.0/armtools/bin/../lib/gcc/arm-atollic-eabi/6.3.1/../../../../arm-atollic-eabi/lib/armv7e-m/fpu\libc_nano.a(lib_a-mlock.o)
                0x08005c22                __malloc_unlock
 .text._realloc_r
                0x08005c24       0x4c c:/program files (x86)/atollic/truestudio for stm32 9.3.0/armtools/bin/../lib/gcc/arm-atollic-eabi/6.3.1/../../../../arm-atollic-eabi/lib/armv7e-m/fpu\libc_nano.a(lib_a-nano-reallocr.o)
                0x08005c24                _realloc_r
 .text._read_r  0x08005c70       0x24 c:/program files (x86)/atollic/truestudio for stm32 9.3.0/armtools/bin/../lib/gcc/arm-atollic-eabi/6.3.1/../../../../arm-atollic-eabi/lib/armv7e-m/fpu\libc_nano.a(lib_a-readr.o)
                0x08005c70                _read_r
 .text.__ascii_wctomb
                0x08005c94       0x1a c:/program files (x86)/atollic/truestudio for stm32 9.3.0/armtools/bin/../lib/gcc/arm-atollic-eabi/6.3.1/../../../../arm-atollic-eabi/lib/armv7e-m/fpu\libc_nano.a(lib_a-wctomb_r.o)
                0x08005c94                __ascii_wctomb
 .text._malloc_usable_size_r
                0x08005cae       0x12 c:/program files (x86)/atollic/truestudio for stm32 9.3.0/armtools/bin/../lib/gcc/arm-atollic-eabi/6.3.1/../../../../arm-atollic-eabi/lib/armv7e-m/fpu\libc_nano.a(lib_a-nano-msizer.o)
                0x08005cae                _malloc_usable_size_r
 *(.glue_7)
 .glue_7        0x08005cc0        0x0 linker stubs
 *(.glue_7t)
 .glue_7t       0x08005cc0        0x0 linker stubs
 *(.eh_frame)
 .eh_frame      0x08005cc0        0x0 c:/program files (x86)/atollic/truestudio for stm32 9.3.0/armtools/bin/../lib/gcc/arm-atollic-eabi/6.3.1/armv7e-m/fpu/crtbegin.o
 *(.init)
 .init          0x08005cc0        0x4 c:/program files (x86)/atollic/truestudio for stm32 9.3.0/armtools/bin/../lib/gcc/arm-atollic-eabi/6.3.1/armv7e-m/fpu/crti.o
                0x08005cc0                _init
 .init          0x08005cc4        0x8 c:/program files (x86)/atollic/truestudio for stm32 9.3.0/armtools/bin/../lib/gcc/arm-atollic-eabi/6.3.1/armv7e-m/fpu/crtn.o
 *(.fini)
 .fini          0x08005ccc        0x4 c:/program files (x86)/atollic/truestudio for stm32 9.3.0/armtools/bin/../lib/gcc/arm-atollic-eabi/6.3.1/armv7e-m/fpu/crti.o
                0x08005ccc                _fini
 .fini          0x08005cd0        0x8 c:/program files (x86)/atollic/truestudio for stm32 9.3.0/armtools/bin/../lib/gcc/arm-atollic-eabi/6.3.1/armv7e-m/fpu/crtn.o
                0x08005cd8                . = ALIGN (0x4)
                0x08005cd8                _etext = .

.vfp11_veneer   0x08005cd8        0x0
 .vfp11_veneer  0x08005cd8        0x0 linker stubs

.v4_bx          0x08005cd8        0x0
 .v4_bx         0x08005cd8        0x0 linker stubs

.iplt           0x08005cd8        0x0
 .iplt          0x08005cd8        0x0 c:/program files (x86)/atollic/truestudio for stm32 9.3.0/armtools/bin/../lib/gcc/arm-atollic-eabi/6.3.1/armv7e-m/fpu/crtbegin.o

.rodata         0x08005cd8      0x96c
                0x08005cd8                . = ALIGN (0x4)
 *(.rodata)
 *(.rodata*)
 .rodata.buildBleDeviceReport.str1.1
                0x08005cd8       0x93 Src\LoRa\lora_atcmd.o
 .rodata.buildReport.str1.1
                0x08005d6b       0x17 Src\LoRa\lora_atcmd.o
 .rodata.console_message_analysis.str1.1
                0x08005d82        0x9 Src\LoRa\lora_atcmd.o
 .rodata.get_AppEUI.str1.1
                0x08005d8b        0xe Src\LoRa\lora_atcmd.o
 .rodata.get_AppKEY.str1.1
                0x08005d99        0xe Src\LoRa\lora_atcmd.o
 .rodata.get_AutoDR.str1.1
                0x08005da7        0xb Src\LoRa\lora_atcmd.o
 .rodata.get_ClassType.str1.1
                0x08005db2        0xd Src\LoRa\lora_atcmd.o
 .rodata.get_ConfirmMode.str1.1
                0x08005dbf        0xb Src\LoRa\lora_atcmd.o
 .rodata.get_DevEUI.str1.1
                0x08005dca        0xc Src\LoRa\lora_atcmd.o
 .rodata.get_JoinStatus.str1.1
                0x08005dd6        0xb Src\LoRa\lora_atcmd.o
 .rodata.get_LibVersion.str1.1
                0x08005de1        0xf Src\LoRa\lora_atcmd.o
 .rodata.get_Version.str1.1
                0x08005df0        0xb Src\LoRa\lora_atcmd.o
 .rodata.lora_OTB_CyUp_test.str1.1
                0x08005dfb       0x1c Src\LoRa\lora_atcmd.o
 .rodata.lora_OTB_cmd_test.str1.1
                0x08005e17      0x309 Src\LoRa\lora_atcmd.o
                                0x30c (size before relaxing)
 .rodata.lora_command_process.str1.1
                0x08006120        0xd Src\LoRa\lora_atcmd.o
 .rodata.lora_message_analysis.str1.1
                0x0800612d       0xaf Src\LoRa\lora_atcmd.o
 .rodata.run_Reset.str1.1
                0x080061dc        0xb Src\LoRa\lora_atcmd.o
 .rodata.send_lora_message.str1.1
                0x080061e7       0x2b Src\LoRa\lora_atcmd.o
 .rodata.send_uplink_message.str1.1
                0x08006212       0x1e Src\LoRa\lora_atcmd.o
 .rodata.sendb_uplink_message.str1.1
                0x08006230       0x24 Src\LoRa\lora_atcmd.o
 .rodata.set_AppEUI.str1.1
                0x08006254       0x24 Src\LoRa\lora_atcmd.o
                                 0x34 (size before relaxing)
 .rodata.set_AppKEY.str1.1
                0x08006254       0x5c Src\LoRa\lora_atcmd.o
 .rodata.set_AutoDR.str1.1
                0x080062b0        0xc Src\LoRa\lora_atcmd.o
 .rodata.set_ClassType.str1.1
                0x080062bc        0xe Src\LoRa\lora_atcmd.o
 .rodata.set_ConfirmMode.str1.1
                0x080062ca       0x22 Src\LoRa\lora_atcmd.o
 .rodata.set_DevEUI.str1.1
                0x080062ec       0x22 Src\LoRa\lora_atcmd.o
                                 0x3b (size before relaxing)
 .rodata.CSWTCH.17
                0x080062ec        0xc Src\UartRingbuffer.o
 .rodata.app_main.str1.1
                0x080062f8       0x35 Src\appmain.o
                                 0x4f (size before relaxing)
 .rodata.main.str1.1
                0x0800632d       0x2c Src\main.o
 .rodata.AHBPrescTable
                0x08006359       0x10 Src\system_stm32f4xx.o
                0x08006359                AHBPrescTable
 .rodata.APBPrescTable
                0x08006369        0x8 Src\system_stm32f4xx.o
                0x08006369                APBPrescTable
 .rodata.set_apptimer.str1.1
                0x08006371       0x19 Src\timer.o
 *fill*         0x0800638a        0x2 
 .rodata._global_impure_ptr
                0x0800638c        0x4 c:/program files (x86)/atollic/truestudio for stm32 9.3.0/armtools/bin/../lib/gcc/arm-atollic-eabi/6.3.1/../../../../arm-atollic-eabi/lib/armv7e-m/fpu\libc_nano.a(lib_a-impure.o)
                0x0800638c                _global_impure_ptr
 .rodata._printf_float.str1.1
                0x08006390       0x10 c:/program files (x86)/atollic/truestudio for stm32 9.3.0/armtools/bin/../lib/gcc/arm-atollic-eabi/6.3.1/../../../../arm-atollic-eabi/lib/armv7e-m/fpu\libc_nano.a(lib_a-nano-vfprintf_float.o)
                                 0x12 (size before relaxing)
 .rodata._printf_i.str1.1
                0x080063a0       0x22 c:/program files (x86)/atollic/truestudio for stm32 9.3.0/armtools/bin/../lib/gcc/arm-atollic-eabi/6.3.1/../../../../arm-atollic-eabi/lib/armv7e-m/fpu\libc_nano.a(lib_a-nano-vfprintf_i.o)
 .rodata._dtoa_r.str1.1
                0x080063c2        0xd c:/program files (x86)/atollic/truestudio for stm32 9.3.0/armtools/bin/../lib/gcc/arm-atollic-eabi/6.3.1/../../../../arm-atollic-eabi/lib/armv7e-m/fpu\libc_nano.a(lib_a-dtoa.o)
                                  0xf (size before relaxing)
 *fill*         0x080063cf        0x1 
 .rodata.__sf_fake_stderr
                0x080063d0       0x20 c:/program files (x86)/atollic/truestudio for stm32 9.3.0/armtools/bin/../lib/gcc/arm-atollic-eabi/6.3.1/../../../../arm-atollic-eabi/lib/armv7e-m/fpu\libc_nano.a(lib_a-findfp.o)
                0x080063d0                __sf_fake_stderr
 .rodata.__sf_fake_stdin
                0x080063f0       0x20 c:/program files (x86)/atollic/truestudio for stm32 9.3.0/armtools/bin/../lib/gcc/arm-atollic-eabi/6.3.1/../../../../arm-atollic-eabi/lib/armv7e-m/fpu\libc_nano.a(lib_a-findfp.o)
                0x080063f0                __sf_fake_stdin
 .rodata.__sf_fake_stdout
                0x08006410       0x20 c:/program files (x86)/atollic/truestudio for stm32 9.3.0/armtools/bin/../lib/gcc/arm-atollic-eabi/6.3.1/../../../../arm-atollic-eabi/lib/armv7e-m/fpu\libc_nano.a(lib_a-findfp.o)
                0x08006410                __sf_fake_stdout
 .rodata.__mprec_bigtens
                0x08006430       0x28 c:/program files (x86)/atollic/truestudio for stm32 9.3.0/armtools/bin/../lib/gcc/arm-atollic-eabi/6.3.1/../../../../arm-atollic-eabi/lib/armv7e-m/fpu\libc_nano.a(lib_a-mprec.o)
                0x08006430                __mprec_bigtens
 .rodata.__mprec_tens
                0x08006458       0xc8 c:/program files (x86)/atollic/truestudio for stm32 9.3.0/armtools/bin/../lib/gcc/arm-atollic-eabi/6.3.1/../../../../arm-atollic-eabi/lib/armv7e-m/fpu\libc_nano.a(lib_a-mprec.o)
                0x08006458                __mprec_tens
 .rodata.p05.7175
                0x08006520        0xc c:/program files (x86)/atollic/truestudio for stm32 9.3.0/armtools/bin/../lib/gcc/arm-atollic-eabi/6.3.1/../../../../arm-atollic-eabi/lib/armv7e-m/fpu\libc_nano.a(lib_a-mprec.o)
 .rodata._svfprintf_r.str1.1
                0x0800652c       0x11 c:/program files (x86)/atollic/truestudio for stm32 9.3.0/armtools/bin/../lib/gcc/arm-atollic-eabi/6.3.1/../../../../arm-atollic-eabi/lib/armv7e-m/fpu\libc_nano.a(lib_a-nano-svfprintf.o)
 .rodata._vfprintf_r.str1.1
                0x0800653d       0x11 c:/program files (x86)/atollic/truestudio for stm32 9.3.0/armtools/bin/../lib/gcc/arm-atollic-eabi/6.3.1/../../../../arm-atollic-eabi/lib/armv7e-m/fpu\libc_nano.a(lib_a-nano-vfprintf.o)
 .rodata._setlocale_r.str1.1
                0x0800653d        0x6 c:/program files (x86)/atollic/truestudio for stm32 9.3.0/armtools/bin/../lib/gcc/arm-atollic-eabi/6.3.1/../../../../arm-atollic-eabi/lib/armv7e-m/fpu\libc_nano.a(lib_a-locale.o)
                                  0x9 (size before relaxing)
 .rodata.str1.1
                0x08006543        0x6 c:/program files (x86)/atollic/truestudio for stm32 9.3.0/armtools/bin/../lib/gcc/arm-atollic-eabi/6.3.1/../../../../arm-atollic-eabi/lib/armv7e-m/fpu\libc_nano.a(lib_a-locale.o)
                                  0x2 (size before relaxing)
 .rodata._ctype_
                0x08006543      0x101 c:/program files (x86)/atollic/truestudio for stm32 9.3.0/armtools/bin/../lib/gcc/arm-atollic-eabi/6.3.1/../../../../arm-atollic-eabi/lib/armv7e-m/fpu\libc_nano.a(lib_a-ctype_.o)
                0x08006543                _ctype_
                0x08006644                . = ALIGN (0x4)

.ARM.extab
 *(.ARM.extab* .gnu.linkonce.armextab.*)

.ARM            0x08006644        0x8
                0x08006644                __exidx_start = .
 *(.ARM.exidx*)
 .ARM.exidx     0x08006644        0x8 c:/program files (x86)/atollic/truestudio for stm32 9.3.0/armtools/bin/../lib/gcc/arm-atollic-eabi/6.3.1/armv7e-m/fpu\libgcc.a(_udivmoddi4.o)
                0x0800664c                __exidx_end = .

.rel.dyn        0x0800664c        0x0
 .rel.iplt      0x0800664c        0x0 c:/program files (x86)/atollic/truestudio for stm32 9.3.0/armtools/bin/../lib/gcc/arm-atollic-eabi/6.3.1/armv7e-m/fpu/crtbegin.o

.preinit_array  0x0800664c        0x0
                0x0800664c                PROVIDE (__preinit_array_start, .)
 *(.preinit_array*)
                0x0800664c                PROVIDE (__preinit_array_end, .)

.init_array     0x0800664c        0x4
                0x0800664c                PROVIDE (__init_array_start, .)
 *(SORT(.init_array.*))
 *(.init_array*)
 .init_array    0x0800664c        0x4 c:/program files (x86)/atollic/truestudio for stm32 9.3.0/armtools/bin/../lib/gcc/arm-atollic-eabi/6.3.1/armv7e-m/fpu/crtbegin.o
                0x08006650                PROVIDE (__init_array_end, .)

.fini_array     0x08006650        0x4
                [!provide]                PROVIDE (__fini_array_start, .)
 *(SORT(.fini_array.*))
 *(.fini_array*)
 .fini_array    0x08006650        0x4 c:/program files (x86)/atollic/truestudio for stm32 9.3.0/armtools/bin/../lib/gcc/arm-atollic-eabi/6.3.1/armv7e-m/fpu/crtbegin.o
                [!provide]                PROVIDE (__fini_array_end, .)
                0x08006654                _sidata = LOADADDR (.data)

.data           0x20000000      0x1fc load address 0x08006654
                0x20000000                . = ALIGN (0x4)
                0x20000000                _sdata = .
 *(.data)
 *(.data*)
 .data.uwTickFreq
                0x20000000        0x1 Drivers\STM32F4xx_HAL_Driver\Src\stm32f4xx_hal.o
                0x20000000                uwTickFreq
 *fill*         0x20000001        0x3 
 .data.uwTickPrio
                0x20000004        0x4 Drivers\STM32F4xx_HAL_Driver\Src\stm32f4xx_hal.o
                0x20000004                uwTickPrio
 .data.storeAppEUI
                0x20000008        0x8 Src\LoRa\lora_atcmd.o
                0x20000008                storeAppEUI
 .data.storeAppKEY
                0x20000010       0x10 Src\LoRa\lora_atcmd.o
                0x20000010                storeAppKEY
 .data.storeDevEUI
                0x20000020        0x8 Src\LoRa\lora_atcmd.o
                0x20000020                storeDevEUI
 .data.SystemCoreClock
                0x20000028        0x4 Src\system_stm32f4xx.o
                0x20000028                SystemCoreClock
 .data._impure_ptr
                0x2000002c        0x4 c:/program files (x86)/atollic/truestudio for stm32 9.3.0/armtools/bin/../lib/gcc/arm-atollic-eabi/6.3.1/../../../../arm-atollic-eabi/lib/armv7e-m/fpu\libc_nano.a(lib_a-impure.o)
                0x2000002c                _impure_ptr
 .data.impure_data
                0x20000030       0x60 c:/program files (x86)/atollic/truestudio for stm32 9.3.0/armtools/bin/../lib/gcc/arm-atollic-eabi/6.3.1/../../../../arm-atollic-eabi/lib/armv7e-m/fpu\libc_nano.a(lib_a-impure.o)
 .data.__global_locale
                0x20000090      0x16c c:/program files (x86)/atollic/truestudio for stm32 9.3.0/armtools/bin/../lib/gcc/arm-atollic-eabi/6.3.1/../../../../arm-atollic-eabi/lib/armv7e-m/fpu\libc_nano.a(lib_a-locale.o)
                0x20000090                __global_locale
                0x200001fc                . = ALIGN (0x4)
                0x200001fc                _edata = .
                0x08006850                _siccmram = LOADADDR (.ccmram)

.igot.plt       0x200001fc        0x0 load address 0x08006850
 .igot.plt      0x200001fc        0x0 c:/program files (x86)/atollic/truestudio for stm32 9.3.0/armtools/bin/../lib/gcc/arm-atollic-eabi/6.3.1/armv7e-m/fpu/crtbegin.o

.ccmram         0x10000000        0x0 load address 0x08006850
                0x10000000                . = ALIGN (0x4)
                0x10000000                _sccmram = .
 *(.ccmram)
 *(.ccmram*)
                0x10000000                . = ALIGN (0x4)
                0x10000000                _eccmram = .
                0x10000000                . = ALIGN (0x4)

.bss            0x200001fc      0xb64
                0x200001fc                _sbss = .
                0x200001fc                __bss_start__ = _sbss
 *(.bss)
 .bss           0x200001fc       0x1c c:/program files (x86)/atollic/truestudio for stm32 9.3.0/armtools/bin/../lib/gcc/arm-atollic-eabi/6.3.1/armv7e-m/fpu/crtbegin.o
 *(.bss*)
 .bss.macAddress
                0x20000218        0xd Src\LoRa\lora_atcmd.o
                0x20000218                macAddress
 .bss.dataFromConsole
                0x20000225       0x96 Src\appmain.o
                0x20000225                dataFromConsole
 .bss.dataFromLora
                0x200002bb       0x96 Src\appmain.o
                0x200002bb                dataFromLora
 *fill*         0x20000351        0x3 
 .bss.testCount
                0x20000354        0x4 Src\appmain.o
                0x20000354                testCount
 .bss._isr_cnt  0x20000358        0x4 Src\main.o
                0x20000358                _isr_cnt
 .bss.heap_end.7010
                0x2000035c        0x4 Src\syscalls.o
 .bss.g_sSysTickCnt
                0x20000360        0x4 Src\timer.o
                0x20000360                g_sSysTickCnt
 .bss.jiffies   0x20000364        0x4 Src\timer.o
                0x20000364                jiffies
 .bss.__malloc_free_list
                0x20000368        0x4 c:/program files (x86)/atollic/truestudio for stm32 9.3.0/armtools/bin/../lib/gcc/arm-atollic-eabi/6.3.1/../../../../arm-atollic-eabi/lib/armv7e-m/fpu\libc_nano.a(lib_a-nano-mallocr.o)
                0x20000368                __malloc_free_list
 .bss.__malloc_sbrk_start
                0x2000036c        0x4 c:/program files (x86)/atollic/truestudio for stm32 9.3.0/armtools/bin/../lib/gcc/arm-atollic-eabi/6.3.1/../../../../arm-atollic-eabi/lib/armv7e-m/fpu\libc_nano.a(lib_a-nano-mallocr.o)
                0x2000036c                __malloc_sbrk_start
 *(COMMON)
 COMMON         0x20000370        0x4 Drivers\STM32F4xx_HAL_Driver\Src\stm32f4xx_hal.o
                0x20000370                uwTick
 COMMON         0x20000374       0x51 Src\LoRa\lora_atcmd.o
                0x20000374                flag
                0x20000376                LoRa_AT_Cmd_Buff
                0x200003c4                mgmtCmd
 *fill*         0x200003c5        0x3 
 COMMON         0x200003c8      0x860 Src\UartRingbuffer.o
                0x200003c8                _tx_buffer
                0x200003d8                rx_buffer
                0x200007f8                _rx_buffer
                0x20000808                tx_buffer
 COMMON         0x20000c28        0x8 Src\appmain.o
                0x20000c28                dataSize
                0x20000c2c                dataSize_c
 COMMON         0x20000c30       0x2c Src\timer.o
                0x20000c30                timer_list
 COMMON         0x20000c5c      0x100 Src\usart.o
                0x20000c5c                huart3
                0x20000c9c                huart1
                0x20000cdc                huart6
                0x20000d1c                huart2
 COMMON         0x20000d5c        0x4 c:/program files (x86)/atollic/truestudio for stm32 9.3.0/armtools/bin/../lib/gcc/arm-atollic-eabi/6.3.1/../../../../arm-atollic-eabi/lib/armv7e-m/fpu\libc_nano.a(lib_a-reent.o)
                0x20000d5c                errno
                0x20000d60                . = ALIGN (0x4)
                0x20000d60                _ebss = .
                0x20000d60                __bss_end__ = _ebss

._user_heap_stack
                0x20000d60      0x600
                0x20000d60                . = ALIGN (0x4)
                0x20000d60                PROVIDE (end, .)
                [!provide]                PROVIDE (_end, .)
                0x20000f60                . = (. + _Min_Heap_Size)
 *fill*         0x20000d60      0x200 
                0x20001360                . = (. + _Min_Stack_Size)
 *fill*         0x20000f60      0x400 
                0x20001360                . = ALIGN (0x4)

/DISCARD/
 libc.a(*)
 libm.a(*)
 libgcc.a(*)

.ARM.attributes
                0x00000000       0x30
 *(.ARM.attributes)
 .ARM.attributes
                0x00000000       0x22 c:/program files (x86)/atollic/truestudio for stm32 9.3.0/armtools/bin/../lib/gcc/arm-atollic-eabi/6.3.1/armv7e-m/fpu/crti.o
 .ARM.attributes
                0x00000022       0x34 c:/program files (x86)/atollic/truestudio for stm32 9.3.0/armtools/bin/../lib/gcc/arm-atollic-eabi/6.3.1/armv7e-m/fpu/crtbegin.o
 .ARM.attributes
                0x00000056       0x39 Drivers\STM32F4xx_HAL_Driver\Src\stm32f4xx_hal.o
 .ARM.attributes
                0x0000008f       0x39 Drivers\STM32F4xx_HAL_Driver\Src\stm32f4xx_hal_cortex.o
 .ARM.attributes
                0x000000c8       0x39 Drivers\STM32F4xx_HAL_Driver\Src\stm32f4xx_hal_gpio.o
 .ARM.attributes
                0x00000101       0x39 Drivers\STM32F4xx_HAL_Driver\Src\stm32f4xx_hal_rcc.o
 .ARM.attributes
                0x0000013a       0x39 Drivers\STM32F4xx_HAL_Driver\Src\stm32f4xx_hal_uart.o
 .ARM.attributes
                0x00000173       0x39 Src\LoRa\lora_atcmd.o
 .ARM.attributes
                0x000001ac       0x39 Src\UartRingbuffer.o
 .ARM.attributes
                0x000001e5       0x39 Src\appmain.o
 .ARM.attributes
                0x0000021e       0x39 Src\gpio.o
 .ARM.attributes
                0x00000257       0x39 Src\main.o
 .ARM.attributes
                0x00000290       0x39 Src\stm32f4xx_hal_msp.o
 .ARM.attributes
                0x000002c9       0x39 Src\stm32f4xx_it.o
 .ARM.attributes
                0x00000302       0x39 Src\syscalls.o
 .ARM.attributes
                0x0000033b       0x39 Src\system_stm32f4xx.o
 .ARM.attributes
                0x00000374       0x39 Src\timer.o
 .ARM.attributes
                0x000003ad       0x39 Src\usart.o
 .ARM.attributes
                0x000003e6       0x21 startup\startup_stm32f405xx.o
 .ARM.attributes
                0x00000407       0x34 c:/program files (x86)/atollic/truestudio for stm32 9.3.0/armtools/bin/../lib/gcc/arm-atollic-eabi/6.3.1/../../../../arm-atollic-eabi/lib/armv7e-m/fpu\libc_nano.a(lib_a-errno.o)
 .ARM.attributes
                0x0000043b       0x34 c:/program files (x86)/atollic/truestudio for stm32 9.3.0/armtools/bin/../lib/gcc/arm-atollic-eabi/6.3.1/../../../../arm-atollic-eabi/lib/armv7e-m/fpu\libc_nano.a(lib_a-impure.o)
 .ARM.attributes
                0x0000046f       0x34 c:/program files (x86)/atollic/truestudio for stm32 9.3.0/armtools/bin/../lib/gcc/arm-atollic-eabi/6.3.1/../../../../arm-atollic-eabi/lib/armv7e-m/fpu\libc_nano.a(lib_a-init.o)
 .ARM.attributes
                0x000004a3       0x34 c:/program files (x86)/atollic/truestudio for stm32 9.3.0/armtools/bin/../lib/gcc/arm-atollic-eabi/6.3.1/../../../../arm-atollic-eabi/lib/armv7e-m/fpu\libc_nano.a(lib_a-memcmp.o)
 .ARM.attributes
                0x000004d7       0x34 c:/program files (x86)/atollic/truestudio for stm32 9.3.0/armtools/bin/../lib/gcc/arm-atollic-eabi/6.3.1/../../../../arm-atollic-eabi/lib/armv7e-m/fpu\libc_nano.a(lib_a-memcpy-stub.o)
 .ARM.attributes
                0x0000050b       0x34 c:/program files (x86)/atollic/truestudio for stm32 9.3.0/armtools/bin/../lib/gcc/arm-atollic-eabi/6.3.1/../../../../arm-atollic-eabi/lib/armv7e-m/fpu\libc_nano.a(lib_a-memset.o)
 .ARM.attributes
                0x0000053f       0x34 c:/program files (x86)/atollic/truestudio for stm32 9.3.0/armtools/bin/../lib/gcc/arm-atollic-eabi/6.3.1/../../../../arm-atollic-eabi/lib/armv7e-m/fpu\libc_nano.a(lib_a-nano-vfprintf_float.o)
 .ARM.attributes
                0x00000573       0x34 c:/program files (x86)/atollic/truestudio for stm32 9.3.0/armtools/bin/../lib/gcc/arm-atollic-eabi/6.3.1/../../../../arm-atollic-eabi/lib/armv7e-m/fpu\libc_nano.a(lib_a-nano-vfprintf_i.o)
 .ARM.attributes
                0x000005a7       0x34 c:/program files (x86)/atollic/truestudio for stm32 9.3.0/armtools/bin/../lib/gcc/arm-atollic-eabi/6.3.1/../../../../arm-atollic-eabi/lib/armv7e-m/fpu\libc_nano.a(lib_a-printf.o)
 .ARM.attributes
                0x000005db       0x34 c:/program files (x86)/atollic/truestudio for stm32 9.3.0/armtools/bin/../lib/gcc/arm-atollic-eabi/6.3.1/../../../../arm-atollic-eabi/lib/armv7e-m/fpu\libc_nano.a(lib_a-puts.o)
 .ARM.attributes
                0x0000060f       0x34 c:/program files (x86)/atollic/truestudio for stm32 9.3.0/armtools/bin/../lib/gcc/arm-atollic-eabi/6.3.1/../../../../arm-atollic-eabi/lib/armv7e-m/fpu\libc_nano.a(lib_a-rand.o)
 .ARM.attributes
                0x00000643       0x34 c:/program files (x86)/atollic/truestudio for stm32 9.3.0/armtools/bin/../lib/gcc/arm-atollic-eabi/6.3.1/../../../../arm-atollic-eabi/lib/armv7e-m/fpu\libc_nano.a(lib_a-sprintf.o)
 .ARM.attributes
                0x00000677       0x34 c:/program files (x86)/atollic/truestudio for stm32 9.3.0/armtools/bin/../lib/gcc/arm-atollic-eabi/6.3.1/../../../../arm-atollic-eabi/lib/armv7e-m/fpu\libc_nano.a(lib_a-strcpy.o)
 .ARM.attributes
                0x000006ab       0x1b c:/program files (x86)/atollic/truestudio for stm32 9.3.0/armtools/bin/../lib/gcc/arm-atollic-eabi/6.3.1/../../../../arm-atollic-eabi/lib/armv7e-m/fpu\libc_nano.a(lib_a-strlen.o)
 .ARM.attributes
                0x000006c6       0x34 c:/program files (x86)/atollic/truestudio for stm32 9.3.0/armtools/bin/../lib/gcc/arm-atollic-eabi/6.3.1/../../../../arm-atollic-eabi/lib/armv7e-m/fpu\libc_nano.a(lib_a-wbuf.o)
 .ARM.attributes
                0x000006fa       0x34 c:/program files (x86)/atollic/truestudio for stm32 9.3.0/armtools/bin/../lib/gcc/arm-atollic-eabi/6.3.1/../../../../arm-atollic-eabi/lib/armv7e-m/fpu\libc_nano.a(lib_a-wsetup.o)
 .ARM.attributes
                0x0000072e       0x34 c:/program files (x86)/atollic/truestudio for stm32 9.3.0/armtools/bin/../lib/gcc/arm-atollic-eabi/6.3.1/../../../../arm-atollic-eabi/lib/armv7e-m/fpu\libc_nano.a(lib_a-dtoa.o)
 .ARM.attributes
                0x00000762       0x34 c:/program files (x86)/atollic/truestudio for stm32 9.3.0/armtools/bin/../lib/gcc/arm-atollic-eabi/6.3.1/../../../../arm-atollic-eabi/lib/armv7e-m/fpu\libc_nano.a(lib_a-fflush.o)
 .ARM.attributes
                0x00000796       0x34 c:/program files (x86)/atollic/truestudio for stm32 9.3.0/armtools/bin/../lib/gcc/arm-atollic-eabi/6.3.1/../../../../arm-atollic-eabi/lib/armv7e-m/fpu\libc_nano.a(lib_a-findfp.o)
 .ARM.attributes
                0x000007ca       0x34 c:/program files (x86)/atollic/truestudio for stm32 9.3.0/armtools/bin/../lib/gcc/arm-atollic-eabi/6.3.1/../../../../arm-atollic-eabi/lib/armv7e-m/fpu\libc_nano.a(lib_a-fwalk.o)
 .ARM.attributes
                0x000007fe       0x34 c:/program files (x86)/atollic/truestudio for stm32 9.3.0/armtools/bin/../lib/gcc/arm-atollic-eabi/6.3.1/../../../../arm-atollic-eabi/lib/armv7e-m/fpu\libc_nano.a(lib_a-localeconv.o)
 .ARM.attributes
                0x00000832       0x34 c:/program files (x86)/atollic/truestudio for stm32 9.3.0/armtools/bin/../lib/gcc/arm-atollic-eabi/6.3.1/../../../../arm-atollic-eabi/lib/armv7e-m/fpu\libc_nano.a(lib_a-makebuf.o)
 .ARM.attributes
                0x00000866       0x34 c:/program files (x86)/atollic/truestudio for stm32 9.3.0/armtools/bin/../lib/gcc/arm-atollic-eabi/6.3.1/../../../../arm-atollic-eabi/lib/armv7e-m/fpu\libc_nano.a(lib_a-malloc.o)
 .ARM.attributes
                0x0000089a       0x20 c:/program files (x86)/atollic/truestudio for stm32 9.3.0/armtools/bin/../lib/gcc/arm-atollic-eabi/6.3.1/../../../../arm-atollic-eabi/lib/armv7e-m/fpu\libc_nano.a(lib_a-memchr.o)
 .ARM.attributes
                0x000008ba       0x34 c:/program files (x86)/atollic/truestudio for stm32 9.3.0/armtools/bin/../lib/gcc/arm-atollic-eabi/6.3.1/../../../../arm-atollic-eabi/lib/armv7e-m/fpu\libc_nano.a(lib_a-mprec.o)
 .ARM.attributes
                0x000008ee       0x34 c:/program files (x86)/atollic/truestudio for stm32 9.3.0/armtools/bin/../lib/gcc/arm-atollic-eabi/6.3.1/../../../../arm-atollic-eabi/lib/armv7e-m/fpu\libc_nano.a(lib_a-nano-callocr.o)
 .ARM.attributes
                0x00000922       0x34 c:/program files (x86)/atollic/truestudio for stm32 9.3.0/armtools/bin/../lib/gcc/arm-atollic-eabi/6.3.1/../../../../arm-atollic-eabi/lib/armv7e-m/fpu\libc_nano.a(lib_a-nano-freer.o)
 .ARM.attributes
                0x00000956       0x34 c:/program files (x86)/atollic/truestudio for stm32 9.3.0/armtools/bin/../lib/gcc/arm-atollic-eabi/6.3.1/../../../../arm-atollic-eabi/lib/armv7e-m/fpu\libc_nano.a(lib_a-nano-mallocr.o)
 .ARM.attributes
                0x0000098a       0x34 c:/program files (x86)/atollic/truestudio for stm32 9.3.0/armtools/bin/../lib/gcc/arm-atollic-eabi/6.3.1/../../../../arm-atollic-eabi/lib/armv7e-m/fpu\libc_nano.a(lib_a-nano-svfprintf.o)
 .ARM.attributes
                0x000009be       0x34 c:/program files (x86)/atollic/truestudio for stm32 9.3.0/armtools/bin/../lib/gcc/arm-atollic-eabi/6.3.1/../../../../arm-atollic-eabi/lib/armv7e-m/fpu\libc_nano.a(lib_a-nano-vfprintf.o)
 .ARM.attributes
                0x000009f2       0x34 c:/program files (x86)/atollic/truestudio for stm32 9.3.0/armtools/bin/../lib/gcc/arm-atollic-eabi/6.3.1/../../../../arm-atollic-eabi/lib/armv7e-m/fpu\libc_nano.a(lib_a-sbrkr.o)
 .ARM.attributes
                0x00000a26       0x34 c:/program files (x86)/atollic/truestudio for stm32 9.3.0/armtools/bin/../lib/gcc/arm-atollic-eabi/6.3.1/../../../../arm-atollic-eabi/lib/armv7e-m/fpu\libc_nano.a(lib_a-stdio.o)
 .ARM.attributes
                0x00000a5a       0x34 c:/program files (x86)/atollic/truestudio for stm32 9.3.0/armtools/bin/../lib/gcc/arm-atollic-eabi/6.3.1/../../../../arm-atollic-eabi/lib/armv7e-m/fpu\libc_nano.a(lib_a-writer.o)
 .ARM.attributes
                0x00000a8e       0x34 c:/program files (x86)/atollic/truestudio for stm32 9.3.0/armtools/bin/../lib/gcc/arm-atollic-eabi/6.3.1/../../../../arm-atollic-eabi/lib/armv7e-m/fpu\libc_nano.a(lib_a-closer.o)
 .ARM.attributes
                0x00000ac2       0x34 c:/program files (x86)/atollic/truestudio for stm32 9.3.0/armtools/bin/../lib/gcc/arm-atollic-eabi/6.3.1/../../../../arm-atollic-eabi/lib/armv7e-m/fpu\libc_nano.a(lib_a-fstatr.o)
 .ARM.attributes
                0x00000af6       0x34 c:/program files (x86)/atollic/truestudio for stm32 9.3.0/armtools/bin/../lib/gcc/arm-atollic-eabi/6.3.1/../../../../arm-atollic-eabi/lib/armv7e-m/fpu\libc_nano.a(lib_a-isattyr.o)
 .ARM.attributes
                0x00000b2a       0x34 c:/program files (x86)/atollic/truestudio for stm32 9.3.0/armtools/bin/../lib/gcc/arm-atollic-eabi/6.3.1/../../../../arm-atollic-eabi/lib/armv7e-m/fpu\libc_nano.a(lib_a-locale.o)
 .ARM.attributes
                0x00000b5e       0x34 c:/program files (x86)/atollic/truestudio for stm32 9.3.0/armtools/bin/../lib/gcc/arm-atollic-eabi/6.3.1/../../../../arm-atollic-eabi/lib/armv7e-m/fpu\libc_nano.a(lib_a-lseekr.o)
 .ARM.attributes
                0x00000b92       0x34 c:/program files (x86)/atollic/truestudio for stm32 9.3.0/armtools/bin/../lib/gcc/arm-atollic-eabi/6.3.1/../../../../arm-atollic-eabi/lib/armv7e-m/fpu\libc_nano.a(lib_a-mbtowc_r.o)
 .ARM.attributes
                0x00000bc6       0x34 c:/program files (x86)/atollic/truestudio for stm32 9.3.0/armtools/bin/../lib/gcc/arm-atollic-eabi/6.3.1/../../../../arm-atollic-eabi/lib/armv7e-m/fpu\libc_nano.a(lib_a-memmove.o)
 .ARM.attributes
                0x00000bfa       0x34 c:/program files (x86)/atollic/truestudio for stm32 9.3.0/armtools/bin/../lib/gcc/arm-atollic-eabi/6.3.1/../../../../arm-atollic-eabi/lib/armv7e-m/fpu\libc_nano.a(lib_a-mlock.o)
 .ARM.attributes
                0x00000c2e       0x34 c:/program files (x86)/atollic/truestudio for stm32 9.3.0/armtools/bin/../lib/gcc/arm-atollic-eabi/6.3.1/../../../../arm-atollic-eabi/lib/armv7e-m/fpu\libc_nano.a(lib_a-nano-reallocr.o)
 .ARM.attributes
                0x00000c62       0x34 c:/program files (x86)/atollic/truestudio for stm32 9.3.0/armtools/bin/../lib/gcc/arm-atollic-eabi/6.3.1/../../../../arm-atollic-eabi/lib/armv7e-m/fpu\libc_nano.a(lib_a-readr.o)
 .ARM.attributes
                0x00000c96       0x34 c:/program files (x86)/atollic/truestudio for stm32 9.3.0/armtools/bin/../lib/gcc/arm-atollic-eabi/6.3.1/../../../../arm-atollic-eabi/lib/armv7e-m/fpu\libc_nano.a(lib_a-reent.o)
 .ARM.attributes
                0x00000cca       0x34 c:/program files (x86)/atollic/truestudio for stm32 9.3.0/armtools/bin/../lib/gcc/arm-atollic-eabi/6.3.1/../../../../arm-atollic-eabi/lib/armv7e-m/fpu\libc_nano.a(lib_a-wctomb_r.o)
 .ARM.attributes
                0x00000cfe       0x34 c:/program files (x86)/atollic/truestudio for stm32 9.3.0/armtools/bin/../lib/gcc/arm-atollic-eabi/6.3.1/../../../../arm-atollic-eabi/lib/armv7e-m/fpu\libc_nano.a(lib_a-ctype_.o)
 .ARM.attributes
                0x00000d32       0x34 c:/program files (x86)/atollic/truestudio for stm32 9.3.0/armtools/bin/../lib/gcc/arm-atollic-eabi/6.3.1/../../../../arm-atollic-eabi/lib/armv7e-m/fpu\libc_nano.a(lib_a-nano-msizer.o)
 .ARM.attributes
                0x00000d66       0x22 c:/program files (x86)/atollic/truestudio for stm32 9.3.0/armtools/bin/../lib/gcc/arm-atollic-eabi/6.3.1/armv7e-m/fpu\libgcc.a(_arm_addsubdf3.o)
 .ARM.attributes
                0x00000d88       0x22 c:/program files (x86)/atollic/truestudio for stm32 9.3.0/armtools/bin/../lib/gcc/arm-atollic-eabi/6.3.1/armv7e-m/fpu\libgcc.a(_arm_muldivdf3.o)
 .ARM.attributes
                0x00000daa       0x22 c:/program files (x86)/atollic/truestudio for stm32 9.3.0/armtools/bin/../lib/gcc/arm-atollic-eabi/6.3.1/armv7e-m/fpu\libgcc.a(_arm_cmpdf2.o)
 .ARM.attributes
                0x00000dcc       0x22 c:/program files (x86)/atollic/truestudio for stm32 9.3.0/armtools/bin/../lib/gcc/arm-atollic-eabi/6.3.1/armv7e-m/fpu\libgcc.a(_arm_unorddf2.o)
 .ARM.attributes
                0x00000dee       0x22 c:/program files (x86)/atollic/truestudio for stm32 9.3.0/armtools/bin/../lib/gcc/arm-atollic-eabi/6.3.1/armv7e-m/fpu\libgcc.a(_arm_fixdfsi.o)
 .ARM.attributes
                0x00000e10       0x22 c:/program files (x86)/atollic/truestudio for stm32 9.3.0/armtools/bin/../lib/gcc/arm-atollic-eabi/6.3.1/armv7e-m/fpu\libgcc.a(_aeabi_uldivmod.o)
 .ARM.attributes
                0x00000e32       0x34 c:/program files (x86)/atollic/truestudio for stm32 9.3.0/armtools/bin/../lib/gcc/arm-atollic-eabi/6.3.1/armv7e-m/fpu\libgcc.a(_udivmoddi4.o)
 .ARM.attributes
                0x00000e66       0x22 c:/program files (x86)/atollic/truestudio for stm32 9.3.0/armtools/bin/../lib/gcc/arm-atollic-eabi/6.3.1/armv7e-m/fpu\libgcc.a(_dvmd_tls.o)
 .ARM.attributes
                0x00000e88       0x22 c:/program files (x86)/atollic/truestudio for stm32 9.3.0/armtools/bin/../lib/gcc/arm-atollic-eabi/6.3.1/armv7e-m/fpu/crtn.o
OUTPUT(so_m405_osc_v1_2.elf elf32-littlearm)

.debug_info     0x00000000     0xedc7
 .debug_info    0x00000000      0xa02 Drivers\STM32F4xx_HAL_Driver\Src\stm32f4xx_hal.o
 .debug_info    0x00000a02      0xf78 Drivers\STM32F4xx_HAL_Driver\Src\stm32f4xx_hal_cortex.o
 .debug_info    0x0000197a      0x7c6 Drivers\STM32F4xx_HAL_Driver\Src\stm32f4xx_hal_gpio.o
 .debug_info    0x00002140      0xaad Drivers\STM32F4xx_HAL_Driver\Src\stm32f4xx_hal_rcc.o
 .debug_info    0x00002bed     0x16b0 Drivers\STM32F4xx_HAL_Driver\Src\stm32f4xx_hal_uart.o
 .debug_info    0x0000429d     0x2abd Src\LoRa\lora_atcmd.o
 .debug_info    0x00006d5a     0x14ba Src\UartRingbuffer.o
 .debug_info    0x00008214     0x11b9 Src\appmain.o
 .debug_info    0x000093cd      0x53d Src\gpio.o
 .debug_info    0x0000990a     0x1c1d Src\main.o
 .debug_info    0x0000b527      0x364 Src\stm32f4xx_hal_msp.o
 .debug_info    0x0000b88b      0x754 Src\stm32f4xx_it.o
 .debug_info    0x0000bfdf      0xfe1 Src\syscalls.o
 .debug_info    0x0000cfc0      0x55b Src\system_stm32f4xx.o
 .debug_info    0x0000d51b      0xa38 Src\timer.o
 .debug_info    0x0000df53      0xdf1 Src\usart.o
 .debug_info    0x0000ed44       0x83 startup\startup_stm32f405xx.o

.debug_abbrev   0x00000000     0x2635
 .debug_abbrev  0x00000000      0x239 Drivers\STM32F4xx_HAL_Driver\Src\stm32f4xx_hal.o
 .debug_abbrev  0x00000239      0x314 Drivers\STM32F4xx_HAL_Driver\Src\stm32f4xx_hal_cortex.o
 .debug_abbrev  0x0000054d      0x1ef Drivers\STM32F4xx_HAL_Driver\Src\stm32f4xx_hal_gpio.o
 .debug_abbrev  0x0000073c      0x2cb Drivers\STM32F4xx_HAL_Driver\Src\stm32f4xx_hal_rcc.o
 .debug_abbrev  0x00000a07      0x313 Drivers\STM32F4xx_HAL_Driver\Src\stm32f4xx_hal_uart.o
 .debug_abbrev  0x00000d1a      0x3f3 Src\LoRa\lora_atcmd.o
 .debug_abbrev  0x0000110d      0x33c Src\UartRingbuffer.o
 .debug_abbrev  0x00001449      0x238 Src\appmain.o
 .debug_abbrev  0x00001681      0x173 Src\gpio.o
 .debug_abbrev  0x000017f4      0x354 Src\main.o
 .debug_abbrev  0x00001b48      0x104 Src\stm32f4xx_hal_msp.o
 .debug_abbrev  0x00001c4c      0x1cb Src\stm32f4xx_it.o
 .debug_abbrev  0x00001e17      0x2d9 Src\syscalls.o
 .debug_abbrev  0x000020f0      0x126 Src\system_stm32f4xx.o
 .debug_abbrev  0x00002216      0x21c Src\timer.o
 .debug_abbrev  0x00002432      0x1f1 Src\usart.o
 .debug_abbrev  0x00002623       0x12 startup\startup_stm32f405xx.o

.debug_loc      0x00000000     0x338c
 .debug_loc     0x00000000      0x12e Drivers\STM32F4xx_HAL_Driver\Src\stm32f4xx_hal.o
 .debug_loc     0x0000012e      0x4fb Drivers\STM32F4xx_HAL_Driver\Src\stm32f4xx_hal_cortex.o
 .debug_loc     0x00000629      0x357 Drivers\STM32F4xx_HAL_Driver\Src\stm32f4xx_hal_gpio.o
 .debug_loc     0x00000980      0x346 Drivers\STM32F4xx_HAL_Driver\Src\stm32f4xx_hal_rcc.o
 .debug_loc     0x00000cc6     0x1350 Drivers\STM32F4xx_HAL_Driver\Src\stm32f4xx_hal_uart.o
 .debug_loc     0x00002016      0x803 Src\LoRa\lora_atcmd.o
 .debug_loc     0x00002819      0x3d9 Src\UartRingbuffer.o
 .debug_loc     0x00002bf2      0x11e Src\main.o
 .debug_loc     0x00002d10      0x3ef Src\syscalls.o
 .debug_loc     0x000030ff      0x11c Src\system_stm32f4xx.o
 .debug_loc     0x0000321b       0xdc Src\timer.o
 .debug_loc     0x000032f7       0x95 Src\usart.o

.debug_aranges  0x00000000      0x848
 .debug_aranges
                0x00000000       0xe8 Drivers\STM32F4xx_HAL_Driver\Src\stm32f4xx_hal.o
 .debug_aranges
                0x000000e8       0xa8 Drivers\STM32F4xx_HAL_Driver\Src\stm32f4xx_hal_cortex.o
 .debug_aranges
                0x00000190       0x58 Drivers\STM32F4xx_HAL_Driver\Src\stm32f4xx_hal_gpio.o
 .debug_aranges
                0x000001e8       0x88 Drivers\STM32F4xx_HAL_Driver\Src\stm32f4xx_hal_rcc.o
 .debug_aranges
                0x00000270      0x170 Drivers\STM32F4xx_HAL_Driver\Src\stm32f4xx_hal_uart.o
 .debug_aranges
                0x000003e0      0x118 Src\LoRa\lora_atcmd.o
 .debug_aranges
                0x000004f8       0xd0 Src\UartRingbuffer.o
 .debug_aranges
                0x000005c8       0x20 Src\appmain.o
 .debug_aranges
                0x000005e8       0x20 Src\gpio.o
 .debug_aranges
                0x00000608       0x38 Src\main.o
 .debug_aranges
                0x00000640       0x20 Src\stm32f4xx_hal_msp.o
 .debug_aranges
                0x00000660       0x68 Src\stm32f4xx_it.o
 .debug_aranges
                0x000006c8       0xb0 Src\syscalls.o
 .debug_aranges
                0x00000778       0x28 Src\system_stm32f4xx.o
 .debug_aranges
                0x000007a0       0x38 Src\timer.o
 .debug_aranges
                0x000007d8       0x48 Src\usart.o
 .debug_aranges
                0x00000820       0x28 startup\startup_stm32f405xx.o

.debug_ranges   0x00000000      0x8f8
 .debug_ranges  0x00000000       0xd8 Drivers\STM32F4xx_HAL_Driver\Src\stm32f4xx_hal.o
 .debug_ranges  0x000000d8      0x128 Drivers\STM32F4xx_HAL_Driver\Src\stm32f4xx_hal_cortex.o
 .debug_ranges  0x00000200       0x68 Drivers\STM32F4xx_HAL_Driver\Src\stm32f4xx_hal_gpio.o
 .debug_ranges  0x00000268       0xb0 Drivers\STM32F4xx_HAL_Driver\Src\stm32f4xx_hal_rcc.o
 .debug_ranges  0x00000318      0x178 Drivers\STM32F4xx_HAL_Driver\Src\stm32f4xx_hal_uart.o
 .debug_ranges  0x00000490      0x108 Src\LoRa\lora_atcmd.o
 .debug_ranges  0x00000598       0xe8 Src\UartRingbuffer.o
 .debug_ranges  0x00000680       0x10 Src\appmain.o
 .debug_ranges  0x00000690       0x40 Src\gpio.o
 .debug_ranges  0x000006d0       0x58 Src\main.o
 .debug_ranges  0x00000728       0x10 Src\stm32f4xx_hal_msp.o
 .debug_ranges  0x00000738       0x58 Src\stm32f4xx_it.o
 .debug_ranges  0x00000790       0xa0 Src\syscalls.o
 .debug_ranges  0x00000830       0x18 Src\system_stm32f4xx.o
 .debug_ranges  0x00000848       0x28 Src\timer.o
 .debug_ranges  0x00000870       0x68 Src\usart.o
 .debug_ranges  0x000008d8       0x20 startup\startup_stm32f405xx.o

.debug_line     0x00000000     0x45bb
 .debug_line    0x00000000      0x420 Drivers\STM32F4xx_HAL_Driver\Src\stm32f4xx_hal.o
 .debug_line    0x00000420      0x469 Drivers\STM32F4xx_HAL_Driver\Src\stm32f4xx_hal_cortex.o
 .debug_line    0x00000889      0x3f2 Drivers\STM32F4xx_HAL_Driver\Src\stm32f4xx_hal_gpio.o
 .debug_line    0x00000c7b      0x51a Drivers\STM32F4xx_HAL_Driver\Src\stm32f4xx_hal_rcc.o
 .debug_line    0x00001195      0xb95 Drivers\STM32F4xx_HAL_Driver\Src\stm32f4xx_hal_uart.o
 .debug_line    0x00001d2a      0x851 Src\LoRa\lora_atcmd.o
 .debug_line    0x0000257b      0x55f Src\UartRingbuffer.o
 .debug_line    0x00002ada      0x3a0 Src\appmain.o
 .debug_line    0x00002e7a      0x203 Src\gpio.o
 .debug_line    0x0000307d      0x46b Src\main.o
 .debug_line    0x000034e8      0x1e5 Src\stm32f4xx_hal_msp.o
 .debug_line    0x000036cd      0x2ec Src\stm32f4xx_it.o
 .debug_line    0x000039b9      0x3bb Src\syscalls.o
 .debug_line    0x00003d74      0x20d Src\system_stm32f4xx.o
 .debug_line    0x00003f81      0x277 Src\timer.o
 .debug_line    0x000041f8      0x344 Src\usart.o
 .debug_line    0x0000453c       0x7f startup\startup_stm32f405xx.o

.debug_str      0x00000000     0x2d0b
 .debug_str     0x00000000      0xb3e Drivers\STM32F4xx_HAL_Driver\Src\stm32f4xx_hal.o
                                0xbac (size before relaxing)
 .debug_str     0x00000b3e      0x4a8 Drivers\STM32F4xx_HAL_Driver\Src\stm32f4xx_hal_cortex.o
                                0xceb (size before relaxing)
 .debug_str     0x00000fe6      0x1de Drivers\STM32F4xx_HAL_Driver\Src\stm32f4xx_hal_gpio.o
                                0x5d2 (size before relaxing)
 .debug_str     0x000011c4      0x2f4 Drivers\STM32F4xx_HAL_Driver\Src\stm32f4xx_hal_rcc.o
                                0x7b0 (size before relaxing)
 .debug_str     0x000014b8      0x950 Drivers\STM32F4xx_HAL_Driver\Src\stm32f4xx_hal_uart.o
                                0xd13 (size before relaxing)
 .debug_str     0x00001e08      0x870 Src\LoRa\lora_atcmd.o
                                0xfb4 (size before relaxing)
 .debug_str     0x00002678      0x1af Src\UartRingbuffer.o
                                0xd1c (size before relaxing)
 .debug_str     0x00002827       0x2e Src\appmain.o
                                0xd02 (size before relaxing)
 .debug_str     0x00002855       0x1b Src\gpio.o
                                0x472 (size before relaxing)
 .debug_str     0x00002870       0x95 Src\main.o
                               0x1493 (size before relaxing)
 .debug_str     0x00002905       0x1b Src\stm32f4xx_hal_msp.o
                                0x3ba (size before relaxing)
 .debug_str     0x00002920       0xee Src\stm32f4xx_it.o
                                0x7df (size before relaxing)
 .debug_str     0x00002a0e      0x230 Src\syscalls.o
                                0x885 (size before relaxing)
 .debug_str     0x00002c3e       0x45 Src\system_stm32f4xx.o
                                0x436 (size before relaxing)
 .debug_str     0x00002c83       0x6e Src\timer.o
                                0x67e (size before relaxing)
 .debug_str     0x00002cf1       0x1a Src\usart.o
                                0xdfd (size before relaxing)

.comment        0x00000000       0x7c
 .comment       0x00000000       0x7c Drivers\STM32F4xx_HAL_Driver\Src\stm32f4xx_hal.o
                                 0x7d (size before relaxing)
 .comment       0x0000007c       0x7d Drivers\STM32F4xx_HAL_Driver\Src\stm32f4xx_hal_cortex.o
 .comment       0x0000007c       0x7d Drivers\STM32F4xx_HAL_Driver\Src\stm32f4xx_hal_gpio.o
 .comment       0x0000007c       0x7d Drivers\STM32F4xx_HAL_Driver\Src\stm32f4xx_hal_rcc.o
 .comment       0x0000007c       0x7d Drivers\STM32F4xx_HAL_Driver\Src\stm32f4xx_hal_uart.o
 .comment       0x0000007c       0x7d Src\LoRa\lora_atcmd.o
 .comment       0x0000007c       0x7d Src\UartRingbuffer.o
 .comment       0x0000007c       0x7d Src\appmain.o
 .comment       0x0000007c       0x7d Src\gpio.o
 .comment       0x0000007c       0x7d Src\main.o
 .comment       0x0000007c       0x7d Src\stm32f4xx_hal_msp.o
 .comment       0x0000007c       0x7d Src\stm32f4xx_it.o
 .comment       0x0000007c       0x7d Src\syscalls.o
 .comment       0x0000007c       0x7d Src\system_stm32f4xx.o
 .comment       0x0000007c       0x7d Src\timer.o
 .comment       0x0000007c       0x7d Src\usart.o

.debug_frame    0x00000000     0x254c
 .debug_frame   0x00000000      0x1f4 Drivers\STM32F4xx_HAL_Driver\Src\stm32f4xx_hal.o
 .debug_frame   0x000001f4      0x158 Drivers\STM32F4xx_HAL_Driver\Src\stm32f4xx_hal_cortex.o
 .debug_frame   0x0000034c       0xd8 Drivers\STM32F4xx_HAL_Driver\Src\stm32f4xx_hal_gpio.o
 .debug_frame   0x00000424      0x13c Drivers\STM32F4xx_HAL_Driver\Src\stm32f4xx_hal_rcc.o
 .debug_frame   0x00000560      0x4a0 Drivers\STM32F4xx_HAL_Driver\Src\stm32f4xx_hal_uart.o
 .debug_frame   0x00000a00      0x3a8 Src\LoRa\lora_atcmd.o
 .debug_frame   0x00000da8      0x1e0 Src\UartRingbuffer.o
 .debug_frame   0x00000f88       0x30 Src\appmain.o
 .debug_frame   0x00000fb8       0x30 Src\gpio.o
 .debug_frame   0x00000fe8       0x74 Src\main.o
 .debug_frame   0x0000105c       0x28 Src\stm32f4xx_hal_msp.o
 .debug_frame   0x00001084       0xec Src\stm32f4xx_it.o
 .debug_frame   0x00001170      0x1a8 Src\syscalls.o
 .debug_frame   0x00001318       0x38 Src\system_stm32f4xx.o
 .debug_frame   0x00001350       0x60 Src\timer.o
 .debug_frame   0x000013b0       0xd0 Src\usart.o
 .debug_frame   0x00001480       0x20 c:/program files (x86)/atollic/truestudio for stm32 9.3.0/armtools/bin/../lib/gcc/arm-atollic-eabi/6.3.1/../../../../arm-atollic-eabi/lib/armv7e-m/fpu\libc_nano.a(lib_a-errno.o)
 .debug_frame   0x000014a0       0x2c c:/program files (x86)/atollic/truestudio for stm32 9.3.0/armtools/bin/../lib/gcc/arm-atollic-eabi/6.3.1/../../../../arm-atollic-eabi/lib/armv7e-m/fpu\libc_nano.a(lib_a-init.o)
 .debug_frame   0x000014cc       0x28 c:/program files (x86)/atollic/truestudio for stm32 9.3.0/armtools/bin/../lib/gcc/arm-atollic-eabi/6.3.1/../../../../arm-atollic-eabi/lib/armv7e-m/fpu\libc_nano.a(lib_a-memcmp.o)
 .debug_frame   0x000014f4       0x28 c:/program files (x86)/atollic/truestudio for stm32 9.3.0/armtools/bin/../lib/gcc/arm-atollic-eabi/6.3.1/../../../../arm-atollic-eabi/lib/armv7e-m/fpu\libc_nano.a(lib_a-memcpy-stub.o)
 .debug_frame   0x0000151c       0x20 c:/program files (x86)/atollic/truestudio for stm32 9.3.0/armtools/bin/../lib/gcc/arm-atollic-eabi/6.3.1/../../../../arm-atollic-eabi/lib/armv7e-m/fpu\libc_nano.a(lib_a-memset.o)
 .debug_frame   0x0000153c       0x8c c:/program files (x86)/atollic/truestudio for stm32 9.3.0/armtools/bin/../lib/gcc/arm-atollic-eabi/6.3.1/../../../../arm-atollic-eabi/lib/armv7e-m/fpu\libc_nano.a(lib_a-nano-vfprintf_float.o)
 .debug_frame   0x000015c8       0x60 c:/program files (x86)/atollic/truestudio for stm32 9.3.0/armtools/bin/../lib/gcc/arm-atollic-eabi/6.3.1/../../../../arm-atollic-eabi/lib/armv7e-m/fpu\libc_nano.a(lib_a-nano-vfprintf_i.o)
 .debug_frame   0x00001628       0x74 c:/program files (x86)/atollic/truestudio for stm32 9.3.0/armtools/bin/../lib/gcc/arm-atollic-eabi/6.3.1/../../../../arm-atollic-eabi/lib/armv7e-m/fpu\libc_nano.a(lib_a-printf.o)
 .debug_frame   0x0000169c       0x3c c:/program files (x86)/atollic/truestudio for stm32 9.3.0/armtools/bin/../lib/gcc/arm-atollic-eabi/6.3.1/../../../../arm-atollic-eabi/lib/armv7e-m/fpu\libc_nano.a(lib_a-puts.o)
 .debug_frame   0x000016d8       0x44 c:/program files (x86)/atollic/truestudio for stm32 9.3.0/armtools/bin/../lib/gcc/arm-atollic-eabi/6.3.1/../../../../arm-atollic-eabi/lib/armv7e-m/fpu\libc_nano.a(lib_a-rand.o)
 .debug_frame   0x0000171c       0x70 c:/program files (x86)/atollic/truestudio for stm32 9.3.0/armtools/bin/../lib/gcc/arm-atollic-eabi/6.3.1/../../../../arm-atollic-eabi/lib/armv7e-m/fpu\libc_nano.a(lib_a-sprintf.o)
 .debug_frame   0x0000178c       0x20 c:/program files (x86)/atollic/truestudio for stm32 9.3.0/armtools/bin/../lib/gcc/arm-atollic-eabi/6.3.1/../../../../arm-atollic-eabi/lib/armv7e-m/fpu\libc_nano.a(lib_a-strcpy.o)
 .debug_frame   0x000017ac       0x40 c:/program files (x86)/atollic/truestudio for stm32 9.3.0/armtools/bin/../lib/gcc/arm-atollic-eabi/6.3.1/../../../../arm-atollic-eabi/lib/armv7e-m/fpu\libc_nano.a(lib_a-wbuf.o)
 .debug_frame   0x000017ec       0x2c c:/program files (x86)/atollic/truestudio for stm32 9.3.0/armtools/bin/../lib/gcc/arm-atollic-eabi/6.3.1/../../../../arm-atollic-eabi/lib/armv7e-m/fpu\libc_nano.a(lib_a-wsetup.o)
 .debug_frame   0x00001818       0x6c c:/program files (x86)/atollic/truestudio for stm32 9.3.0/armtools/bin/../lib/gcc/arm-atollic-eabi/6.3.1/../../../../arm-atollic-eabi/lib/armv7e-m/fpu\libc_nano.a(lib_a-dtoa.o)
 .debug_frame   0x00001884       0x68 c:/program files (x86)/atollic/truestudio for stm32 9.3.0/armtools/bin/../lib/gcc/arm-atollic-eabi/6.3.1/../../../../arm-atollic-eabi/lib/armv7e-m/fpu\libc_nano.a(lib_a-fflush.o)