UartRingbuffer.c:32:6:Ringbuf_init	16	static
UartRingbuffer.c:68:6:store_char	0	static
UartRingbuffer.c:82:5:Look_for	16	static
UartRingbuffer.c:109:5:Uart_read	0	static
UartRingbuffer.c:124:6:Uart_write	8	static
UartRingbuffer.c:163:5:IsDataAvailable	0	static
UartRingbuffer.c:168:6:Uart_isr	0	static
UartRingbuffer.c:231:5:console_getc	0	static
UartRingbuffer.c:236:6:console_putc	0	static
UartRingbuffer.c:241:6:console_puts	8	static
UartRingbuffer.c:246:5:isgetc_from_console	8	static
UartRingbuffer.c:254:5:lora_getc	0	static
UartRingbuffer.c:259:6:lora_putc	0	static
UartRingbuffer.c:264:6:lora_puts	8	static
UartRingbuffer.c:269:5:isgetc_from_lora	8	static
UartRingbuffer.c:277:5:ble_getc	0	static
UartRingbuffer.c:282:6:ble_putc	0	static
UartRingbuffer.c:287:6:ble_puts	8	static
UartRingbuffer.c:293:5:isgetc_from_ble	8	static
UartRingbuffer.c:301:5:sy7t609_getc	0	static
UartRingbuffer.c:306:6:sy7t609_putc	0	static
UartRingbuffer.c:311:6:sy7t609_puts	8	static
UartRingbuffer.c:317:5:isgetc_from_sy7t609	8	static
